Running 357 cells -> /Users/linshih-yang/Documents/GitHub/Caught-in-the-Crossfire/theory/mf_oi_svmvar_report/code/thread2c_matrix_free_preconditioner/results.csv
[1/357] n=3   T=20     p=2   sigma=0.3  lam=1e+04 seed=0  Tn=60        cell=   0.1s  elapsed=   0.0m  eta=   0.4m
[2/357] n=3   T=20     p=2   sigma=0.3  lam=1e+04 seed=1  Tn=60        cell=   0.0s  elapsed=   0.0m  eta=   0.2m
[3/357] n=3   T=20     p=2   sigma=0.3  lam=1e+04 seed=7  Tn=60        cell=   0.0s  elapsed=   0.0m  eta=   0.1m
[4/357] n=5   T=30     p=3   sigma=0.5  lam=1e+04 seed=0  Tn=150       cell=   0.0s  elapsed=   0.0m  eta=   0.1m
[5/357] n=5   T=30     p=3   sigma=0.5  lam=1e+04 seed=1  Tn=150       cell=   0.0s  elapsed=   0.0m  eta=   0.1m
[6/357] n=5   T=30     p=3   sigma=0.5  lam=1e+04 seed=7  Tn=150       cell=   0.0s  elapsed=   0.0m  eta=   0.1m
[7/357] n=5   T=480    p=2   sigma=0.1  lam=1e+04 seed=0  Tn=2400      cell=   0.0s  elapsed=   0.0m  eta=   0.1m
[8/357] n=5   T=480    p=2   sigma=0.1  lam=1e+04 seed=1  Tn=2400      cell=   0.0s  elapsed=   0.0m  eta=   0.1m
[9/357] n=5   T=480    p=2   sigma=0.1  lam=1e+04 seed=7  Tn=2400      cell=   0.0s  elapsed=   0.0m  eta=   0.1m
[10/357] n=5   T=480    p=2   sigma=0.3  lam=1e+04 seed=0  Tn=2400      cell=   0.0s  elapsed=   0.0m  eta=   0.1m
[11/357] n=5   T=480    p=2   sigma=0.3  lam=1e+04 seed=1  Tn=2400      cell=   0.0s  elapsed=   0.0m  eta=   0.1m
[12/357] n=5   T=480    p=2   sigma=0.3  lam=1e+04 seed=7  Tn=2400      cell=   0.0s  elapsed=   0.0m  eta=   0.1m
[13/357] n=5   T=480    p=2   sigma=0.5  lam=1e+04 seed=0  Tn=2400      cell=   0.2s  elapsed=   0.0m  eta=   0.2m
[14/357] n=5   T=480    p=2   sigma=0.5  lam=1e+04 seed=1  Tn=2400      cell=   0.1s  elapsed=   0.0m  eta=   0.2m
[15/357] n=5   T=480    p=2   sigma=0.5  lam=1e+04 seed=7  Tn=2400      cell=   0.2s  elapsed=   0.0m  eta=   0.3m
[16/357] n=5   T=480    p=12  sigma=0.1  lam=1e+04 seed=0  Tn=2400      cell=   0.1s  elapsed=   0.0m  eta=   0.3m
[17/357] n=5   T=480    p=12  sigma=0.1  lam=1e+04 seed=1  Tn=2400      cell=   0.1s  elapsed=   0.0m  eta=   0.3m
[18/357] n=5   T=480    p=12  sigma=0.1  lam=1e+04 seed=7  Tn=2400      cell=   0.1s  elapsed=   0.0m  eta=   0.3m
[19/357] n=5   T=480    p=12  sigma=0.3  lam=1e+04 seed=0  Tn=2400      cell=   0.1s  elapsed=   0.0m  eta=   0.3m
[20/357] n=5   T=480    p=12  sigma=0.3  lam=1e+04 seed=1  Tn=2400      cell=   0.1s  elapsed=   0.0m  eta=   0.4m
[21/357] n=5   T=480    p=12  sigma=0.3  lam=1e+04 seed=7  Tn=2400      cell=   0.1s  elapsed=   0.0m  eta=   0.4m
[22/357] n=5   T=480    p=12  sigma=0.5  lam=1e+04 seed=0  Tn=2400      cell=   0.4s  elapsed=   0.0m  eta=   0.5m
[23/357] n=5   T=480    p=12  sigma=0.5  lam=1e+04 seed=1  Tn=2400      cell=   0.3s  elapsed=   0.0m  eta=   0.5m
[24/357] n=5   T=480    p=12  sigma=0.5  lam=1e+04 seed=7  Tn=2400      cell=   0.5s  elapsed=   0.0m  eta=   0.6m
[25/357] n=5   T=480    p=24  sigma=0.1  lam=1e+04 seed=0  Tn=2400      cell=   0.2s  elapsed=   0.0m  eta=   0.6m
[26/357] n=5   T=480    p=24  sigma=0.1  lam=1e+04 seed=1  Tn=2400      cell=   0.2s  elapsed=   0.1m  eta=   0.6m
[27/357] n=5   T=480    p=24  sigma=0.1  lam=1e+04 seed=7  Tn=2400      cell=   0.2s  elapsed=   0.1m  eta=   0.7m
[28/357] n=5   T=480    p=24  sigma=0.3  lam=1e+04 seed=0  Tn=2400      cell=   0.3s  elapsed=   0.1m  eta=   0.7m
[29/357] n=5   T=480    p=24  sigma=0.3  lam=1e+04 seed=1  Tn=2400      cell=   0.3s  elapsed=   0.1m  eta=   0.7m
[30/357] n=5   T=480    p=24  sigma=0.3  lam=1e+04 seed=7  Tn=2400      cell=   0.3s  elapsed=   0.1m  eta=   0.8m
[31/357] n=5   T=480    p=24  sigma=0.5  lam=1e+04 seed=0  Tn=2400      cell=   0.8s  elapsed=   0.1m  eta=   0.9m
[32/357] n=5   T=480    p=24  sigma=0.5  lam=1e+04 seed=1  Tn=2400      cell=   0.6s  elapsed=   0.1m  eta=   0.9m
[33/357] n=5   T=480    p=24  sigma=0.5  lam=1e+04 seed=7  Tn=2400      cell=   1.0s  elapsed=   0.1m  eta=   1.1m
[34/357] n=5   T=1920   p=2   sigma=0.1  lam=1e+04 seed=0  Tn=9600      cell=   0.1s  elapsed=   0.1m  eta=   1.0m
[35/357] n=5   T=1920   p=2   sigma=0.1  lam=1e+04 seed=1  Tn=9600      cell=   0.1s  elapsed=   0.1m  eta=   1.0m
[36/357] n=5   T=1920   p=2   sigma=0.1  lam=1e+04 seed=7  Tn=9600      cell=   0.1s  elapsed=   0.1m  eta=   1.0m
[37/357] n=5   T=1920   p=2   sigma=0.3  lam=1e+04 seed=0  Tn=9600      cell=   0.2s  elapsed=   0.1m  eta=   1.0m
[38/357] n=5   T=1920   p=2   sigma=0.3  lam=1e+04 seed=1  Tn=9600      cell=   0.2s  elapsed=   0.1m  eta=   1.0m
[39/357] n=5   T=1920   p=2   sigma=0.3  lam=1e+04 seed=7  Tn=9600      cell=   0.2s  elapsed=   0.1m  eta=   1.0m
[40/357] n=5   T=1920   p=2   sigma=0.5  lam=1e+04 seed=0  Tn=9600      cell=   1.3s  elapsed=   0.1m  eta=   1.2m
[41/357] n=5   T=1920   p=2   sigma=0.5  lam=1e+04 seed=1  Tn=9600      cell=   1.1s  elapsed=   0.2m  eta=   1.3m
[42/357] n=5   T=1920   p=2   sigma=0.5  lam=1e+04 seed=7  Tn=9600      cell=   1.4s  elapsed=   0.2m  eta=   1.4m
[43/357] n=5   T=1920   p=12  sigma=0.1  lam=1e+04 seed=0  Tn=9600      cell=   0.3s  elapsed=   0.2m  eta=   1.4m
[44/357] n=5   T=1920   p=12  sigma=0.1  lam=1e+04 seed=1  Tn=9600      cell=   0.3s  elapsed=   0.2m  eta=   1.4m
[45/357] n=5   T=1920   p=12  sigma=0.1  lam=1e+04 seed=7  Tn=9600      cell=   0.3s  elapsed=   0.2m  eta=   1.4m
[46/357] n=5   T=1920   p=12  sigma=0.3  lam=1e+04 seed=0  Tn=9600      cell=   0.6s  elapsed=   0.2m  eta=   1.4m
[47/357] n=5   T=1920   p=12  sigma=0.3  lam=1e+04 seed=1  Tn=9600      cell=   0.7s  elapsed=   0.2m  eta=   1.5m
[48/357] n=5   T=1920   p=12  sigma=0.3  lam=1e+04 seed=7  Tn=9600      cell=   0.7s  elapsed=   0.2m  eta=   1.5m
[49/357] n=5   T=1920   p=12  sigma=0.5  lam=1e+04 seed=0  Tn=9600      cell=   2.5s  elapsed=   0.3m  eta=   1.7m
[50/357] n=5   T=1920   p=12  sigma=0.5  lam=1e+04 seed=1  Tn=9600      cell=   2.7s  elapsed=   0.3m  eta=   2.0m
[51/357] n=5   T=1920   p=12  sigma=0.5  lam=1e+04 seed=7  Tn=9600      cell=   3.3s  elapsed=   0.4m  eta=   2.3m
[52/357] n=5   T=1920   p=24  sigma=0.1  lam=1e+04 seed=0  Tn=9600      cell=   0.9s  elapsed=   0.4m  eta=   2.3m
[53/357] n=5   T=1920   p=24  sigma=0.1  lam=1e+04 seed=1  Tn=9600      cell=   0.9s  elapsed=   0.4m  eta=   2.3m
[54/357] n=5   T=1920   p=24  sigma=0.1  lam=1e+04 seed=7  Tn=9600      cell=   0.9s  elapsed=   0.4m  eta=   2.4m
[55/357] n=5   T=1920   p=24  sigma=0.3  lam=1e+04 seed=0  Tn=9600      cell=   1.5s  elapsed=   0.4m  eta=   2.5m
[56/357] n=5   T=1920   p=24  sigma=0.3  lam=1e+04 seed=1  Tn=9600      cell=   1.6s  elapsed=   0.5m  eta=   2.5m
[57/357] n=5   T=1920   p=24  sigma=0.3  lam=1e+04 seed=7  Tn=9600      cell=   1.6s  elapsed=   0.5m  eta=   2.6m
[58/357] n=5   T=1920   p=24  sigma=0.5  lam=1e+04 seed=0  Tn=9600      cell=   5.5s  elapsed=   0.6m  eta=   3.0m
[59/357] n=5   T=1920   p=24  sigma=0.5  lam=1e+04 seed=1  Tn=9600      cell=   5.7s  elapsed=   0.7m  eta=   3.5m
[60/357] n=5   T=1920   p=24  sigma=0.5  lam=1e+04 seed=7  Tn=9600      cell=   6.8s  elapsed=   0.8m  eta=   4.0m
[61/357] n=5   T=5000   p=2   sigma=0.1  lam=1e+04 seed=0  Tn=25000     cell=   0.2s  elapsed=   0.8m  eta=   3.9m
[62/357] n=5   T=5000   p=2   sigma=0.1  lam=1e+04 seed=1  Tn=25000     cell=   0.2s  elapsed=   0.8m  eta=   3.8m
[63/357] n=5   T=5000   p=2   sigma=0.1  lam=1e+04 seed=7  Tn=25000     cell=   0.2s  elapsed=   0.8m  eta=   3.8m
[64/357] n=5   T=5000   p=2   sigma=0.3  lam=1e+04 seed=0  Tn=25000     cell=   0.9s  elapsed=   0.8m  eta=   3.8m
[65/357] n=5   T=5000   p=2   sigma=0.3  lam=1e+04 seed=1  Tn=25000     cell=   0.8s  elapsed=   0.8m  eta=   3.8m
[66/357] n=5   T=5000   p=2   sigma=0.3  lam=1e+04 seed=7  Tn=25000     cell=   0.9s  elapsed=   0.9m  eta=   3.8m
[67/357] n=5   T=5000   p=2   sigma=0.5  lam=1e+04 seed=0  Tn=25000     cell=   6.1s  elapsed=   1.0m  eta=   4.1m
[68/357] n=5   T=5000   p=2   sigma=0.5  lam=1e+04 seed=1  Tn=25000     cell=   5.5s  elapsed=   1.0m  eta=   4.5m
[69/357] n=5   T=5000   p=2   sigma=0.5  lam=1e+04 seed=7  Tn=25000     cell=   7.1s  elapsed=   1.2m  eta=   4.9m
[70/357] n=5   T=5000   p=12  sigma=0.1  lam=1e+04 seed=0  Tn=25000     cell=   0.9s  elapsed=   1.2m  eta=   4.8m
[71/357] n=5   T=5000   p=12  sigma=0.1  lam=1e+04 seed=1  Tn=25000     cell=   0.9s  elapsed=   1.2m  eta=   4.8m
[72/357] n=5   T=5000   p=12  sigma=0.1  lam=1e+04 seed=7  Tn=25000     cell=   0.9s  elapsed=   1.2m  eta=   4.8m
[73/357] n=5   T=5000   p=12  sigma=0.3  lam=1e+04 seed=0  Tn=25000     cell=   2.0s  elapsed=   1.2m  eta=   4.8m
[74/357] n=5   T=5000   p=12  sigma=0.3  lam=1e+04 seed=1  Tn=25000     cell=   2.3s  elapsed=   1.3m  eta=   4.9m
[75/357] n=5   T=5000   p=12  sigma=0.3  lam=1e+04 seed=7  Tn=25000     cell=   2.5s  elapsed=   1.3m  eta=   5.0m
[76/357] n=5   T=5000   p=12  sigma=0.5  lam=1e+04 seed=0  Tn=25000     cell=   9.8s  elapsed=   1.5m  eta=   5.5m
[77/357] n=5   T=5000   p=12  sigma=0.5  lam=1e+04 seed=1  Tn=25000     cell=  13.3s  elapsed=   1.7m  eta=   6.2m
[78/357] n=5   T=5000   p=12  sigma=0.5  lam=1e+04 seed=7  Tn=25000     cell=  17.1s  elapsed=   2.0m  eta=   7.1m
[79/357] n=5   T=5000   p=24  sigma=0.1  lam=1e+04 seed=0  Tn=25000     cell=   2.4s  elapsed=   2.0m  eta=   7.2m
[80/357] n=5   T=5000   p=24  sigma=0.1  lam=1e+04 seed=1  Tn=25000     cell=   2.4s  elapsed=   2.1m  eta=   7.2m
[81/357] n=5   T=5000   p=24  sigma=0.1  lam=1e+04 seed=7  Tn=25000     cell=   2.4s  elapsed=   2.1m  eta=   7.2m
[82/357] n=5   T=5000   p=24  sigma=0.3  lam=1e+04 seed=0  Tn=25000     cell=   4.5s  elapsed=   2.2m  eta=   7.3m
[83/357] n=5   T=5000   p=24  sigma=0.3  lam=1e+04 seed=1  Tn=25000     cell=   4.9s  elapsed=   2.3m  eta=   7.5m
[84/357] n=5   T=5000   p=24  sigma=0.3  lam=1e+04 seed=7  Tn=25000     cell=   5.6s  elapsed=   2.4m  eta=   7.7m
[85/357] n=5   T=5000   p=24  sigma=0.5  lam=1e+04 seed=0  Tn=25000     cell=  20.3s  elapsed=   2.7m  eta=   8.7m
[86/357] n=5   T=5000   p=24  sigma=0.5  lam=1e+04 seed=1  Tn=25000     cell=  24.5s  elapsed=   3.1m  eta=   9.8m
[87/357] n=5   T=5000   p=24  sigma=0.5  lam=1e+04 seed=7  Tn=25000     cell=  33.5s  elapsed=   3.7m  eta=  11.4m
[88/357] n=5   T=10000  p=2   sigma=0.1  lam=1e+04 seed=0  Tn=50000     cell=   0.5s  elapsed=   3.7m  eta=  11.2m
[89/357] n=5   T=10000  p=2   sigma=0.1  lam=1e+04 seed=1  Tn=50000     cell=   0.5s  elapsed=   3.7m  eta=  11.1m
[90/357] n=5   T=10000  p=2   sigma=0.1  lam=1e+04 seed=7  Tn=50000     cell=   0.5s  elapsed=   3.7m  eta=  11.0m
[91/357] n=5   T=10000  p=2   sigma=0.3  lam=1e+04 seed=0  Tn=50000     cell=   2.1s  elapsed=   3.7m  eta=  10.9m
[92/357] n=5   T=10000  p=2   sigma=0.3  lam=1e+04 seed=1  Tn=50000     cell=   2.2s  elapsed=   3.8m  eta=  10.8m
[93/357] n=5   T=10000  p=2   sigma=0.3  lam=1e+04 seed=7  Tn=50000     cell=   1.8s  elapsed=   3.8m  eta=  10.8m
[94/357] n=5   T=10000  p=2   sigma=0.5  lam=1e+04 seed=0  Tn=50000     cell=  20.0s  elapsed=   4.1m  eta=  11.6m
[95/357] n=5   T=10000  p=2   sigma=0.5  lam=1e+04 seed=1  Tn=50000     cell=  20.8s  elapsed=   4.5m  eta=  12.3m
[96/357] n=5   T=10000  p=2   sigma=0.5  lam=1e+04 seed=7  Tn=50000     cell=  14.9s  elapsed=   4.7m  eta=  12.8m
[97/357] n=5   T=10000  p=12  sigma=0.1  lam=1e+04 seed=0  Tn=50000     cell=   1.8s  elapsed=   4.8m  eta=  12.7m
[98/357] n=5   T=10000  p=12  sigma=0.1  lam=1e+04 seed=1  Tn=50000     cell=   1.8s  elapsed=   4.8m  eta=  12.6m
[99/357] n=5   T=10000  p=12  sigma=0.1  lam=1e+04 seed=7  Tn=50000     cell=   1.8s  elapsed=   4.8m  eta=  12.5m
[100/357] n=5   T=10000  p=12  sigma=0.3  lam=1e+04 seed=0  Tn=50000     cell=   5.3s  elapsed=   4.9m  eta=  12.6m
[101/357] n=5   T=10000  p=12  sigma=0.3  lam=1e+04 seed=1  Tn=50000     cell=   5.4s  elapsed=   5.0m  eta=  12.6m
[102/357] n=5   T=10000  p=12  sigma=0.3  lam=1e+04 seed=7  Tn=50000     cell=   4.8s  elapsed=   5.1m  eta=  12.7m
[103/357] n=5   T=10000  p=12  sigma=0.5  lam=1e+04 seed=0  Tn=50000     cell=  44.2s  elapsed=   5.8m  eta=  14.3m
[104/357] n=5   T=10000  p=12  sigma=0.5  lam=1e+04 seed=1  Tn=50000     cell=  45.8s  elapsed=   6.6m  eta=  16.0m
[105/357] n=5   T=10000  p=12  sigma=0.5  lam=1e+04 seed=7  Tn=50000     cell=  33.9s  elapsed=   7.1m  eta=  17.1m
[106/357] n=5   T=10000  p=24  sigma=0.1  lam=1e+04 seed=0  Tn=50000     cell=   4.7s  elapsed=   7.2m  eta=  17.1m
[107/357] n=5   T=10000  p=24  sigma=0.1  lam=1e+04 seed=1  Tn=50000     cell=   4.7s  elapsed=   7.3m  eta=  17.0m
[108/357] n=5   T=10000  p=24  sigma=0.1  lam=1e+04 seed=7  Tn=50000     cell=   4.7s  elapsed=   7.4m  eta=  17.0m
[109/357] n=5   T=10000  p=24  sigma=0.3  lam=1e+04 seed=0  Tn=50000     cell=  12.1s  elapsed=   7.6m  eta=  17.2m
[110/357] n=5   T=10000  p=24  sigma=0.3  lam=1e+04 seed=1  Tn=50000     cell=  12.1s  elapsed=   7.8m  eta=  17.5m
[111/357] n=5   T=10000  p=24  sigma=0.3  lam=1e+04 seed=7  Tn=50000     cell=  11.2s  elapsed=   8.0m  eta=  17.6m
[112/357] n=5   T=10000  p=24  sigma=0.5  lam=1e+04 seed=0  Tn=50000     cell=  85.8s  elapsed=   9.4m  eta=  20.5m
[113/357] n=5   T=10000  p=24  sigma=0.5  lam=1e+04 seed=1  Tn=50000     cell=  89.6s  elapsed=  10.9m  eta=  23.5m
[114/357] n=5   T=10000  p=24  sigma=0.5  lam=1e+04 seed=7  Tn=50000     cell=  69.6s  elapsed=  12.0m  eta=  25.7m
[115/357] n=10  T=480    p=2   sigma=0.1  lam=1e+04 seed=0  Tn=4800      cell=   0.0s  elapsed=  12.0m  eta=  25.3m
[116/357] n=10  T=480    p=2   sigma=0.1  lam=1e+04 seed=1  Tn=4800      cell=   0.0s  elapsed=  12.0m  eta=  25.0m
[117/357] n=10  T=480    p=2   sigma=0.1  lam=1e+04 seed=7  Tn=4800      cell=   0.0s  elapsed=  12.0m  eta=  24.7m
[118/357] n=10  T=480    p=2   sigma=0.3  lam=1e+04 seed=0  Tn=4800      cell=   0.2s  elapsed=  12.0m  eta=  24.4m
[119/357] n=10  T=480    p=2   sigma=0.3  lam=1e+04 seed=1  Tn=4800      cell=   0.1s  elapsed=  12.0m  eta=  24.1m
[120/357] n=10  T=480    p=2   sigma=0.3  lam=1e+04 seed=7  Tn=4800      cell=   0.2s  elapsed=  12.1m  eta=  23.8m
[121/357] n=10  T=480    p=2   sigma=0.5  lam=1e+04 seed=0  Tn=4800      cell=   0.7s  elapsed=  12.1m  eta=  23.5m
[122/357] n=10  T=480    p=2   sigma=0.5  lam=1e+04 seed=1  Tn=4800      cell=   0.5s  elapsed=  12.1m  eta=  23.3m
[123/357] n=10  T=480    p=2   sigma=0.5  lam=1e+04 seed=7  Tn=4800      cell=   0.7s  elapsed=  12.1m  eta=  23.0m
[124/357] n=10  T=480    p=12  sigma=0.1  lam=1e+04 seed=0  Tn=4800      cell=   0.4s  elapsed=  12.1m  eta=  22.7m
[125/357] n=10  T=480    p=12  sigma=0.1  lam=1e+04 seed=1  Tn=4800      cell=   0.3s  elapsed=  12.1m  eta=  22.5m
[126/357] n=10  T=480    p=12  sigma=0.1  lam=1e+04 seed=7  Tn=4800      cell=   0.4s  elapsed=  12.1m  eta=  22.2m
[127/357] n=10  T=480    p=12  sigma=0.3  lam=1e+04 seed=0  Tn=4800      cell=   0.6s  elapsed=  12.1m  eta=  21.9m
[128/357] n=10  T=480    p=12  sigma=0.3  lam=1e+04 seed=1  Tn=4800      cell=   0.6s  elapsed=  12.1m  eta=  21.7m
[129/357] n=10  T=480    p=12  sigma=0.3  lam=1e+04 seed=7  Tn=4800      cell=   0.6s  elapsed=  12.1m  eta=  21.4m
[130/357] n=10  T=480    p=12  sigma=0.5  lam=1e+04 seed=0  Tn=4800      cell=   2.1s  elapsed=  12.2m  eta=  21.2m
[131/357] n=10  T=480    p=12  sigma=0.5  lam=1e+04 seed=1  Tn=4800      cell=   1.5s  elapsed=  12.2m  eta=  21.0m
[132/357] n=10  T=480    p=12  sigma=0.5  lam=1e+04 seed=7  Tn=4800      cell=   2.7s  elapsed=  12.2m  eta=  20.9m
[133/357] n=10  T=480    p=24  sigma=0.1  lam=1e+04 seed=0  Tn=4800      cell=   0.9s  elapsed=  12.3m  eta=  20.6m
[134/357] n=10  T=480    p=24  sigma=0.1  lam=1e+04 seed=1  Tn=4800      cell=   0.9s  elapsed=  12.3m  eta=  20.4m
[135/357] n=10  T=480    p=24  sigma=0.1  lam=1e+04 seed=7  Tn=4800      cell=   0.9s  elapsed=  12.3m  eta=  20.2m
[136/357] n=10  T=480    p=24  sigma=0.3  lam=1e+04 seed=0  Tn=4800      cell=   1.2s  elapsed=  12.3m  eta=  20.0m
[137/357] n=10  T=480    p=24  sigma=0.3  lam=1e+04 seed=1  Tn=4800      cell=   1.4s  elapsed=  12.3m  eta=  19.8m
[138/357] n=10  T=480    p=24  sigma=0.3  lam=1e+04 seed=7  Tn=4800      cell=   1.5s  elapsed=  12.3m  eta=  19.6m
[139/357] n=10  T=480    p=24  sigma=0.5  lam=1e+04 seed=0  Tn=4800      cell=   3.3s  elapsed=  12.4m  eta=  19.5m
[140/357] n=10  T=480    p=24  sigma=0.5  lam=1e+04 seed=1  Tn=4800      cell=   5.0s  elapsed=  12.5m  eta=  19.4m
[141/357] n=10  T=480    p=24  sigma=0.5  lam=1e+04 seed=7  Tn=4800      cell=   6.8s  elapsed=  12.6m  eta=  19.3m
[142/357] n=10  T=1920   p=2   sigma=0.1  lam=1e+04 seed=0  Tn=19200     cell=   0.2s  elapsed=  12.6m  eta=  19.1m
[143/357] n=10  T=1920   p=2   sigma=0.1  lam=1e+04 seed=1  Tn=19200     cell=   0.2s  elapsed=  12.6m  eta=  18.9m
[144/357] n=10  T=1920   p=2   sigma=0.1  lam=1e+04 seed=7  Tn=19200     cell=   0.2s  elapsed=  12.6m  eta=  18.7m
[145/357] n=10  T=1920   p=2   sigma=0.3  lam=1e+04 seed=0  Tn=19200     cell=   0.9s  elapsed=  12.6m  eta=  18.5m
[146/357] n=10  T=1920   p=2   sigma=0.3  lam=1e+04 seed=1  Tn=19200     cell=   0.8s  elapsed=  12.6m  eta=  18.3m
[147/357] n=10  T=1920   p=2   sigma=0.3  lam=1e+04 seed=7  Tn=19200     cell=   1.0s  elapsed=  12.7m  eta=  18.1m
[148/357] n=10  T=1920   p=2   sigma=0.5  lam=1e+04 seed=0  Tn=19200     cell=   5.2s  elapsed=  12.7m  eta=  18.0m
[149/357] n=10  T=1920   p=2   sigma=0.5  lam=1e+04 seed=1  Tn=19200     cell=   6.1s  elapsed=  12.8m  eta=  17.9m
[150/357] n=10  T=1920   p=2   sigma=0.5  lam=1e+04 seed=7  Tn=19200     cell=   8.3s  elapsed=  13.0m  eta=  17.9m
[151/357] n=10  T=1920   p=12  sigma=0.1  lam=1e+04 seed=0  Tn=19200     cell=   1.4s  elapsed=  13.0m  eta=  17.7m
[152/357] n=10  T=1920   p=12  sigma=0.1  lam=1e+04 seed=1  Tn=19200     cell=   1.4s  elapsed=  13.0m  eta=  17.6m
[153/357] n=10  T=1920   p=12  sigma=0.1  lam=1e+04 seed=7  Tn=19200     cell=   1.4s  elapsed=  13.1m  eta=  17.4m
[154/357] n=10  T=1920   p=12  sigma=0.3  lam=1e+04 seed=0  Tn=19200     cell=   3.4s  elapsed=  13.1m  eta=  17.3m
[155/357] n=10  T=1920   p=12  sigma=0.3  lam=1e+04 seed=1  Tn=19200     cell=   3.3s  elapsed=  13.2m  eta=  17.2m
[156/357] n=10  T=1920   p=12  sigma=0.3  lam=1e+04 seed=7  Tn=19200     cell=   3.5s  elapsed=  13.2m  eta=  17.0m
[157/357] n=10  T=1920   p=12  sigma=0.5  lam=1e+04 seed=0  Tn=19200     cell=  17.8s  elapsed=  13.5m  eta=  17.2m
[158/357] n=10  T=1920   p=12  sigma=0.5  lam=1e+04 seed=1  Tn=19200     cell=  17.6s  elapsed=  13.8m  eta=  17.4m
[159/357] n=10  T=1920   p=12  sigma=0.5  lam=1e+04 seed=7  Tn=19200     cell=  24.3s  elapsed=  14.2m  eta=  17.7m
[160/357] n=10  T=1920   p=24  sigma=0.1  lam=1e+04 seed=0  Tn=19200     cell=   3.4s  elapsed=  14.3m  eta=  17.6m
[161/357] n=10  T=1920   p=24  sigma=0.1  lam=1e+04 seed=1  Tn=19200     cell=   3.5s  elapsed=  14.3m  eta=  17.5m
[162/357] n=10  T=1920   p=24  sigma=0.1  lam=1e+04 seed=7  Tn=19200     cell=   3.5s  elapsed=  14.4m  eta=  17.3m
[163/357] n=10  T=1920   p=24  sigma=0.3  lam=1e+04 seed=0  Tn=19200     cell=   6.5s  elapsed=  14.5m  eta=  17.3m
[164/357] n=10  T=1920   p=24  sigma=0.3  lam=1e+04 seed=1  Tn=19200     cell=   6.7s  elapsed=  14.6m  eta=  17.2m
[165/357] n=10  T=1920   p=24  sigma=0.3  lam=1e+04 seed=7  Tn=19200     cell=   7.5s  elapsed=  14.7m  eta=  17.2m
[166/357] n=10  T=1920   p=24  sigma=0.5  lam=1e+04 seed=0  Tn=19200     cell=  29.8s  elapsed=  15.2m  eta=  17.5m
[167/357] n=10  T=1920   p=24  sigma=0.5  lam=1e+04 seed=1  Tn=19200     cell=  30.8s  elapsed=  15.7m  eta=  17.9m
[168/357] n=10  T=1920   p=24  sigma=0.5  lam=1e+04 seed=7  Tn=19200     cell=  42.0s  elapsed=  16.4m  eta=  18.5m
[169/357] n=10  T=5000   p=2   sigma=0.1  lam=1e+04 seed=0  Tn=50000     cell=   0.6s  elapsed=  16.5m  eta=  18.3m
[170/357] n=10  T=5000   p=2   sigma=0.1  lam=1e+04 seed=1  Tn=50000     cell=   0.6s  elapsed=  16.5m  eta=  18.1m
[171/357] n=10  T=5000   p=2   sigma=0.1  lam=1e+04 seed=7  Tn=50000     cell=   0.5s  elapsed=  16.5m  eta=  17.9m
[172/357] n=10  T=5000   p=2   sigma=0.3  lam=1e+04 seed=0  Tn=50000     cell=   2.5s  elapsed=  16.5m  eta=  17.8m
[173/357] n=10  T=5000   p=2   sigma=0.3  lam=1e+04 seed=1  Tn=50000     cell=   2.7s  elapsed=  16.6m  eta=  17.6m
[174/357] n=10  T=5000   p=2   sigma=0.3  lam=1e+04 seed=7  Tn=50000     cell=   2.2s  elapsed=  16.6m  eta=  17.5m
[175/357] n=10  T=5000   p=2   sigma=0.5  lam=1e+04 seed=0  Tn=50000     cell=  18.7s  elapsed=  16.9m  eta=  17.6m
[176/357] n=10  T=5000   p=2   sigma=0.5  lam=1e+04 seed=1  Tn=50000     cell=  25.0s  elapsed=  17.3m  eta=  17.8m
[177/357] n=10  T=5000   p=2   sigma=0.5  lam=1e+04 seed=7  Tn=50000     cell=  19.5s  elapsed=  17.7m  eta=  18.0m
[178/357] n=10  T=5000   p=12  sigma=0.1  lam=1e+04 seed=0  Tn=50000     cell=   3.7s  elapsed=  17.7m  eta=  17.8m
[179/357] n=10  T=5000   p=12  sigma=0.1  lam=1e+04 seed=1  Tn=50000     cell=   3.6s  elapsed=  17.8m  eta=  17.7m
[180/357] n=10  T=5000   p=12  sigma=0.1  lam=1e+04 seed=7  Tn=50000     cell=   3.6s  elapsed=  17.8m  eta=  17.5m
[181/357] n=10  T=5000   p=12  sigma=0.3  lam=1e+04 seed=0  Tn=50000     cell=  10.0s  elapsed=  18.0m  eta=  17.5m
[182/357] n=10  T=5000   p=12  sigma=0.3  lam=1e+04 seed=1  Tn=50000     cell=  11.0s  elapsed=  18.2m  eta=  17.5m
[183/357] n=10  T=5000   p=12  sigma=0.3  lam=1e+04 seed=7  Tn=50000     cell=   9.3s  elapsed=  18.3m  eta=  17.4m
[184/357] n=10  T=5000   p=12  sigma=0.5  lam=1e+04 seed=0  Tn=50000     cell=  66.6s  elapsed=  19.4m  eta=  18.3m
[185/357] n=10  T=5000   p=12  sigma=0.5  lam=1e+04 seed=1  Tn=50000     cell=  88.0s  elapsed=  20.9m  eta=  19.4m
[186/357] n=10  T=5000   p=12  sigma=0.5  lam=1e+04 seed=7  Tn=50000     cell=  66.4s  elapsed=  22.0m  eta=  20.2m
[187/357] n=10  T=5000   p=24  sigma=0.1  lam=1e+04 seed=0  Tn=50000     cell=   9.0s  elapsed=  22.2m  eta=  20.2m
[188/357] n=10  T=5000   p=24  sigma=0.1  lam=1e+04 seed=1  Tn=50000     cell=   9.1s  elapsed=  22.3m  eta=  20.1m
[189/357] n=10  T=5000   p=24  sigma=0.1  lam=1e+04 seed=7  Tn=50000     cell=   8.9s  elapsed=  22.5m  eta=  20.0m
[190/357] n=10  T=5000   p=24  sigma=0.3  lam=1e+04 seed=0  Tn=50000     cell=  20.4s  elapsed=  22.8m  eta=  20.1m
Resume mode: 192/357 cells already done, running remaining 165 cells -> /Users/linshih-yang/Documents/GitHub/Caught-in-the-Crossfire/theory/mf_oi_svmvar_report/code/thread2c_matrix_free_preconditioner/results.csv
[193/357] n=10  T=5000   p=24  sigma=0.5  lam=1e+04 seed=0  Tn=50000     cell= 138.5s  elapsed=   2.3m  eta= 378.5m
[194/357] n=10  T=5000   p=24  sigma=0.5  lam=1e+04 seed=1  Tn=50000     cell= 168.8s  elapsed=   5.1m  eta= 417.4m
[195/357] n=10  T=5000   p=24  sigma=0.5  lam=1e+04 seed=7  Tn=50000     cell= 125.2s  elapsed=   7.2m  eta= 389.2m
[196/357] n=10  T=10000  p=2   sigma=0.1  lam=1e+04 seed=0  Tn=100000    cell=   1.2s  elapsed=   7.2m  eta= 290.9m
[197/357] n=10  T=10000  p=2   sigma=0.1  lam=1e+04 seed=1  Tn=100000    cell=   1.2s  elapsed=   7.2m  eta= 231.9m
[198/357] n=10  T=10000  p=2   sigma=0.1  lam=1e+04 seed=7  Tn=100000    cell=   1.2s  elapsed=   7.3m  eta= 192.6m
[199/357] n=10  T=10000  p=2   sigma=0.3  lam=1e+04 seed=0  Tn=100000    cell=   5.1s  elapsed=   7.4m  eta= 165.9m
[200/357] n=10  T=10000  p=2   sigma=0.3  lam=1e+04 seed=1  Tn=100000    cell=   6.0s  elapsed=   7.5m  eta= 146.2m
[201/357] n=10  T=10000  p=2   sigma=0.3  lam=1e+04 seed=7  Tn=100000    cell=   5.3s  elapsed=   7.5m  eta= 130.7m
[202/357] n=10  T=10000  p=2   sigma=0.5  lam=1e+04 seed=0  Tn=100000    cell=  45.3s  elapsed=   8.3m  eta= 128.6m
[203/357] n=10  T=10000  p=2   sigma=0.5  lam=1e+04 seed=1  Tn=100000    cell=  63.0s  elapsed=   9.3m  eta= 130.8m
[204/357] n=10  T=10000  p=2   sigma=0.5  lam=1e+04 seed=7  Tn=100000    cell=  49.3s  elapsed=  10.2m  eta= 129.6m
[205/357] n=10  T=10000  p=12  sigma=0.1  lam=1e+04 seed=0  Tn=100000    cell=   7.7s  elapsed=  10.3m  eta= 120.4m
[206/357] n=10  T=10000  p=12  sigma=0.1  lam=1e+04 seed=1  Tn=100000    cell=   7.7s  elapsed=  10.4m  eta= 112.4m
[207/357] n=10  T=10000  p=12  sigma=0.1  lam=1e+04 seed=7  Tn=100000    cell=   7.6s  elapsed=  10.6m  eta= 105.5m
[208/357] n=10  T=10000  p=12  sigma=0.3  lam=1e+04 seed=0  Tn=100000    cell=  20.9s  elapsed=  10.9m  eta= 101.5m
[209/357] n=10  T=10000  p=12  sigma=0.3  lam=1e+04 seed=1  Tn=100000    cell=  24.1s  elapsed=  11.3m  eta=  98.4m
[210/357] n=10  T=10000  p=12  sigma=0.3  lam=1e+04 seed=7  Tn=100000    cell=  21.5s  elapsed=  11.7m  eta=  95.2m
[211/357] n=10  T=10000  p=12  sigma=0.5  lam=1e+04 seed=0  Tn=100000    cell= 158.4s  elapsed=  14.3m  eta= 109.9m
[212/357] n=10  T=10000  p=12  sigma=0.5  lam=1e+04 seed=1  Tn=100000    cell= 207.1s  elapsed=  17.8m  eta= 128.7m
[213/357] n=10  T=10000  p=12  sigma=0.5  lam=1e+04 seed=7  Tn=100000    cell= 170.5s  elapsed=  20.6m  eta= 141.2m
[214/357] n=10  T=10000  p=24  sigma=0.1  lam=1e+04 seed=0  Tn=100000    cell=  19.5s  elapsed=  20.9m  eta= 136.0m
[215/357] n=10  T=10000  p=24  sigma=0.1  lam=1e+04 seed=1  Tn=100000    cell=  20.3s  elapsed=  21.3m  eta= 131.2m
[216/357] n=10  T=10000  p=24  sigma=0.1  lam=1e+04 seed=7  Tn=100000    cell=  19.9s  elapsed=  21.6m  eta= 126.8m
[217/357] n=10  T=10000  p=24  sigma=0.3  lam=1e+04 seed=0  Tn=100000    cell=  44.7s  elapsed=  22.3m  eta= 125.1m
[218/357] n=10  T=10000  p=24  sigma=0.3  lam=1e+04 seed=1  Tn=100000    cell=  50.7s  elapsed=  23.2m  eta= 123.9m
[219/357] n=10  T=10000  p=24  sigma=0.3  lam=1e+04 seed=7  Tn=100000    cell=  45.6s  elapsed=  23.9m  eta= 122.3m
[220/357] n=10  T=10000  p=24  sigma=0.5  lam=1e+04 seed=0  Tn=100000    cell= 309.2s  elapsed=  29.1m  eta= 142.3m
[221/357] n=10  T=10000  p=24  sigma=0.5  lam=1e+04 seed=1  Tn=100000    cell= 414.7s  elapsed=  36.0m  eta= 168.8m
[222/357] n=10  T=10000  p=24  sigma=0.5  lam=1e+04 seed=7  Tn=100000    cell= 347.8s  elapsed=  41.8m  eta= 188.1m
[223/357] n=20  T=480    p=2   sigma=0.1  lam=1e+04 seed=0  Tn=9600      cell=   0.2s  elapsed=  41.8m  eta= 180.7m
[224/357] n=20  T=480    p=2   sigma=0.1  lam=1e+04 seed=1  Tn=9600      cell=   0.2s  elapsed=  41.8m  eta= 173.8m
[225/357] n=20  T=480    p=2   sigma=0.1  lam=1e+04 seed=7  Tn=9600      cell=   0.2s  elapsed=  41.8m  eta= 167.2m
[226/357] n=20  T=480    p=2   sigma=0.3  lam=1e+04 seed=0  Tn=9600      cell=   0.5s  elapsed=  41.8m  eta= 161.1m
[227/357] n=20  T=480    p=2   sigma=0.3  lam=1e+04 seed=1  Tn=9600      cell=   0.5s  elapsed=  41.8m  eta= 155.4m
[228/357] n=20  T=480    p=2   sigma=0.3  lam=1e+04 seed=7  Tn=9600      cell=   0.6s  elapsed=  41.8m  eta= 149.9m
[229/357] n=20  T=480    p=2   sigma=0.5  lam=1e+04 seed=0  Tn=9600      cell=   1.9s  elapsed=  41.9m  eta= 144.8m
[230/357] n=20  T=480    p=2   sigma=0.5  lam=1e+04 seed=1  Tn=9600      cell=   2.9s  elapsed=  41.9m  eta= 140.1m
[231/357] n=20  T=480    p=2   sigma=0.5  lam=1e+04 seed=7  Tn=9600      cell=   3.8s  elapsed=  42.0m  eta= 135.6m
[232/357] n=20  T=480    p=12  sigma=0.1  lam=1e+04 seed=0  Tn=9600      cell=   1.8s  elapsed=  42.0m  eta= 131.3m
[233/357] n=20  T=480    p=12  sigma=0.1  lam=1e+04 seed=1  Tn=9600      cell=   1.8s  elapsed=  42.0m  eta= 127.1m
[234/357] n=20  T=480    p=12  sigma=0.1  lam=1e+04 seed=7  Tn=9600      cell=   1.8s  elapsed=  42.1m  eta= 123.2m
[235/357] n=20  T=480    p=12  sigma=0.3  lam=1e+04 seed=0  Tn=9600      cell=   3.5s  elapsed=  42.1m  eta= 119.5m
[236/357] n=20  T=480    p=12  sigma=0.3  lam=1e+04 seed=1  Tn=9600      cell=   3.1s  elapsed=  42.2m  eta= 116.0m
[237/357] n=20  T=480    p=12  sigma=0.3  lam=1e+04 seed=7  Tn=9600      cell=   3.6s  elapsed=  42.2m  eta= 112.6m
[238/357] n=20  T=480    p=12  sigma=0.5  lam=1e+04 seed=0  Tn=9600      cell=  17.2s  elapsed=  42.5m  eta= 110.0m
[239/357] n=20  T=480    p=12  sigma=0.5  lam=1e+04 seed=1  Tn=9600      cell=  14.1s  elapsed=  42.8m  eta= 107.4m
[240/357] n=20  T=480    p=12  sigma=0.5  lam=1e+04 seed=7  Tn=9600      cell=  19.0s  elapsed=  43.1m  eta= 105.0m
[241/357] n=20  T=480    p=24  sigma=0.1  lam=1e+04 seed=0  Tn=9600      cell=   5.3s  elapsed=  43.2m  eta= 102.2m
[242/357] n=20  T=480    p=24  sigma=0.1  lam=1e+04 seed=1  Tn=9600      cell=   4.9s  elapsed=  43.2m  eta=  99.5m
[243/357] n=20  T=480    p=24  sigma=0.1  lam=1e+04 seed=7  Tn=9600      cell=   4.9s  elapsed=  43.3m  eta=  96.9m
[244/357] n=20  T=480    p=24  sigma=0.3  lam=1e+04 seed=0  Tn=9600      cell=   9.9s  elapsed=  43.5m  eta=  94.5m
[245/357] n=20  T=480    p=24  sigma=0.3  lam=1e+04 seed=1  Tn=9600      cell=   7.5s  elapsed=  43.6m  eta=  92.2m
[246/357] n=20  T=480    p=24  sigma=0.3  lam=1e+04 seed=7  Tn=9600      cell=   7.7s  elapsed=  43.7m  eta=  89.9m
[247/357] n=20  T=480    p=24  sigma=0.5  lam=1e+04 seed=0  Tn=9600      cell=  49.3s  elapsed=  44.6m  eta=  89.1m
[248/357] n=20  T=480    p=24  sigma=0.5  lam=1e+04 seed=1  Tn=9600      cell=  20.7s  elapsed=  44.9m  eta=  87.4m
[249/357] n=20  T=480    p=24  sigma=0.5  lam=1e+04 seed=7  Tn=9600      cell=  26.8s  elapsed=  45.4m  eta=  86.0m
[250/357] n=20  T=1920   p=2   sigma=0.1  lam=1e+04 seed=0  Tn=38400     cell=   1.1s  elapsed=  45.4m  eta=  83.7m
[251/357] n=20  T=1920   p=2   sigma=0.1  lam=1e+04 seed=1  Tn=38400     cell=   1.0s  elapsed=  45.4m  eta=  81.6m
[252/357] n=20  T=1920   p=2   sigma=0.1  lam=1e+04 seed=7  Tn=38400     cell=   1.0s  elapsed=  45.4m  eta=  79.5m
[253/357] n=20  T=1920   p=2   sigma=0.3  lam=1e+04 seed=0  Tn=38400     cell=   4.7s  elapsed=  45.5m  eta=  77.6m
[254/357] n=20  T=1920   p=2   sigma=0.3  lam=1e+04 seed=1  Tn=38400     cell=   3.4s  elapsed=  45.5m  eta=  75.7m
[255/357] n=20  T=1920   p=2   sigma=0.3  lam=1e+04 seed=7  Tn=38400     cell=   4.0s  elapsed=  45.6m  eta=  73.9m
[256/357] n=20  T=1920   p=2   sigma=0.5  lam=1e+04 seed=0  Tn=38400     cell=  35.2s  elapsed=  46.2m  eta=  72.9m
[257/357] n=20  T=1920   p=2   sigma=0.5  lam=1e+04 seed=1  Tn=38400     cell=  21.4s  elapsed=  46.6m  eta=  71.6m
[258/357] n=20  T=1920   p=2   sigma=0.5  lam=1e+04 seed=7  Tn=38400     cell=  32.6s  elapsed=  47.1m  eta=  70.7m
[259/357] n=20  T=1920   p=12  sigma=0.1  lam=1e+04 seed=0  Tn=38400     cell=   7.6s  elapsed=  47.2m  eta=  69.1m
[260/357] n=20  T=1920   p=12  sigma=0.1  lam=1e+04 seed=1  Tn=38400     cell=   7.3s  elapsed=  47.4m  eta=  67.5m
[261/357] n=20  T=1920   p=12  sigma=0.1  lam=1e+04 seed=7  Tn=38400     cell=   7.4s  elapsed=  47.5m  eta=  66.1m
[262/357] n=20  T=1920   p=12  sigma=0.3  lam=1e+04 seed=0  Tn=38400     cell=  18.9s  elapsed=  47.8m  eta=  64.9m
[263/357] n=20  T=1920   p=12  sigma=0.3  lam=1e+04 seed=1  Tn=38400     cell=  15.9s  elapsed=  48.1m  eta=  63.6m
[264/357] n=20  T=1920   p=12  sigma=0.3  lam=1e+04 seed=7  Tn=38400     cell=  18.0s  elapsed=  48.4m  eta=  62.5m
[265/357] n=20  T=1920   p=12  sigma=0.5  lam=1e+04 seed=0  Tn=38400     cell= 121.2s  elapsed=  50.4m  eta=  63.5m
[266/357] n=20  T=1920   p=12  sigma=0.5  lam=1e+04 seed=1  Tn=38400     cell=  91.2s  elapsed=  51.9m  eta=  63.8m
[267/357] n=20  T=1920   p=12  sigma=0.5  lam=1e+04 seed=7  Tn=38400     cell= 122.0s  elapsed=  53.9m  eta=  64.7m
[268/357] n=20  T=1920   p=24  sigma=0.1  lam=1e+04 seed=0  Tn=38400     cell=  21.6s  elapsed=  54.3m  eta=  63.6m
[269/357] n=20  T=1920   p=24  sigma=0.1  lam=1e+04 seed=1  Tn=38400     cell=  20.7s  elapsed=  54.6m  eta=  62.4m
[270/357] n=20  T=1920   p=24  sigma=0.1  lam=1e+04 seed=7  Tn=38400     cell=  20.4s  elapsed=  55.0m  eta=  61.3m
[271/357] n=20  T=1920   p=24  sigma=0.3  lam=1e+04 seed=0  Tn=38400     cell=  42.0s  elapsed=  55.7m  eta=  60.6m
[272/357] n=20  T=1920   p=24  sigma=0.3  lam=1e+04 seed=1  Tn=38400     cell=  38.4s  elapsed=  56.3m  eta=  59.8m
[273/357] n=20  T=1920   p=24  sigma=0.3  lam=1e+04 seed=7  Tn=38400     cell=  36.7s  elapsed=  56.9m  eta=  59.0m
[274/357] n=20  T=1920   p=24  sigma=0.5  lam=1e+04 seed=0  Tn=38400     cell= 236.4s  elapsed=  60.9m  eta=  61.6m
[275/357] n=20  T=1920   p=24  sigma=0.5  lam=1e+04 seed=1  Tn=38400     cell= 188.9s  elapsed=  64.0m  eta=  63.2m
[276/357] n=20  T=1920   p=24  sigma=0.5  lam=1e+04 seed=7  Tn=38400     cell= 172.2s  elapsed=  66.9m  eta=  64.5m
[277/357] n=20  T=5000   p=2   sigma=0.1  lam=1e+04 seed=0  Tn=100000    cell=   2.6s  elapsed=  66.9m  eta=  63.0m
[278/357] n=20  T=5000   p=2   sigma=0.1  lam=1e+04 seed=1  Tn=100000    cell=   2.5s  elapsed=  67.0m  eta=  61.5m
[279/357] n=20  T=5000   p=2   sigma=0.1  lam=1e+04 seed=7  Tn=100000    cell=   2.5s  elapsed=  67.0m  eta=  60.1m
[280/357] n=20  T=5000   p=2   sigma=0.3  lam=1e+04 seed=0  Tn=100000    cell=  10.3s  elapsed=  67.2m  eta=  58.8m
[281/357] n=20  T=5000   p=2   sigma=0.3  lam=1e+04 seed=1  Tn=100000    cell=   9.8s  elapsed=  67.3m  eta=  57.5m
[282/357] n=20  T=5000   p=2   sigma=0.3  lam=1e+04 seed=7  Tn=100000    cell=  10.4s  elapsed=  67.5m  eta=  56.3m
[283/357] n=20  T=5000   p=2   sigma=0.5  lam=1e+04 seed=0  Tn=100000    cell= 100.0s  elapsed=  69.2m  eta=  56.3m
[284/357] n=20  T=5000   p=2   sigma=0.5  lam=1e+04 seed=1  Tn=100000    cell=  84.3s  elapsed=  70.6m  eta=  56.0m
[285/357] n=20  T=5000   p=2   sigma=0.5  lam=1e+04 seed=7  Tn=100000    cell=  93.9s  elapsed=  72.2m  eta=  55.9m
[286/357] n=20  T=5000   p=12  sigma=0.1  lam=1e+04 seed=0  Tn=100000    cell=  19.7s  elapsed=  72.5m  eta=  54.7m
[287/357] n=20  T=5000   p=12  sigma=0.1  lam=1e+04 seed=1  Tn=100000    cell=  18.9s  elapsed=  72.8m  eta=  53.6m
[288/357] n=20  T=5000   p=12  sigma=0.1  lam=1e+04 seed=7  Tn=100000    cell=  18.9s  elapsed=  73.1m  eta=  52.5m
[289/357] n=20  T=5000   p=12  sigma=0.3  lam=1e+04 seed=0  Tn=100000    cell=  50.7s  elapsed=  74.0m  eta=  51.8m
[290/357] n=20  T=5000   p=12  sigma=0.3  lam=1e+04 seed=1  Tn=100000    cell=  53.3s  elapsed=  74.8m  eta=  51.2m
[291/357] n=20  T=5000   p=12  sigma=0.3  lam=1e+04 seed=7  Tn=100000    cell=  54.3s  elapsed=  75.8m  eta=  50.5m
[292/357] n=20  T=5000   p=12  sigma=0.5  lam=1e+04 seed=0  Tn=100000    cell= 461.7s  elapsed=  83.4m  eta=  54.2m
[293/357] n=20  T=5000   p=12  sigma=0.5  lam=1e+04 seed=1  Tn=100000    cell= 422.9s  elapsed=  90.5m  eta=  57.3m
[294/357] n=20  T=5000   p=12  sigma=0.5  lam=1e+04 seed=7  Tn=100000    cell= 423.3s  elapsed=  97.5m  eta=  60.3m
[295/357] n=20  T=5000   p=24  sigma=0.1  lam=1e+04 seed=0  Tn=100000    cell=  54.0s  elapsed=  98.4m  eta=  59.3m
[296/357] n=20  T=5000   p=24  sigma=0.1  lam=1e+04 seed=1  Tn=100000    cell=  53.2s  elapsed=  99.3m  eta=  58.3m
[297/357] n=20  T=5000   p=24  sigma=0.1  lam=1e+04 seed=7  Tn=100000    cell=  53.4s  elapsed= 100.2m  eta=  57.3m
[298/357] n=20  T=5000   p=24  sigma=0.3  lam=1e+04 seed=0  Tn=100000    cell= 114.6s  elapsed= 102.1m  eta=  56.8m
[299/357] n=20  T=5000   p=24  sigma=0.3  lam=1e+04 seed=1  Tn=100000    cell= 109.7s  elapsed= 104.0m  eta=  56.4m
[300/357] n=20  T=5000   p=24  sigma=0.3  lam=1e+04 seed=7  Tn=100000    cell= 105.3s  elapsed= 105.7m  eta=  55.8m
[301/357] n=20  T=5000   p=24  sigma=0.5  lam=1e+04 seed=0  Tn=100000    cell= 806.0s  elapsed= 119.2m  eta=  61.2m
[302/357] n=20  T=5000   p=24  sigma=0.5  lam=1e+04 seed=1  Tn=100000    cell= 735.2s  elapsed= 131.4m  eta=  65.7m
[303/357] n=20  T=5000   p=24  sigma=0.5  lam=1e+04 seed=7  Tn=100000    cell= 593.4s  elapsed= 141.3m  eta=  68.7m
[304/357] n=20  T=10000  p=2   sigma=0.1  lam=1e+04 seed=0  Tn=200000    cell=   5.1s  elapsed= 141.4m  eta=  66.9m
[305/357] n=20  T=10000  p=2   sigma=0.1  lam=1e+04 seed=1  Tn=200000    cell=   4.9s  elapsed= 141.5m  eta=  65.1m
[306/357] n=20  T=10000  p=2   sigma=0.1  lam=1e+04 seed=7  Tn=200000    cell=   4.9s  elapsed= 141.5m  eta=  63.3m
[307/357] n=20  T=10000  p=2   sigma=0.3  lam=1e+04 seed=0  Tn=200000    cell=  26.6s  elapsed= 142.0m  eta=  61.7m
[308/357] n=20  T=10000  p=2   sigma=0.3  lam=1e+04 seed=1  Tn=200000    cell=  21.1s  elapsed= 142.3m  eta=  60.1m
[309/357] n=20  T=10000  p=2   sigma=0.3  lam=1e+04 seed=7  Tn=200000    cell=  21.2s  elapsed= 142.7m  eta=  58.5m
[310/357] n=20  T=10000  p=2   sigma=0.5  lam=1e+04 seed=0  Tn=200000    cell= 313.7s  elapsed= 147.9m  eta=  58.9m
[311/357] n=20  T=10000  p=2   sigma=0.5  lam=1e+04 seed=1  Tn=200000    cell= 234.8s  elapsed= 151.8m  eta=  58.7m
[312/357] n=20  T=10000  p=2   sigma=0.5  lam=1e+04 seed=7  Tn=200000    cell= 228.2s  elapsed= 155.6m  eta=  58.4m
[313/357] n=20  T=10000  p=12  sigma=0.1  lam=1e+04 seed=0  Tn=200000    cell=  39.8s  elapsed= 156.3m  eta=  56.8m
[314/357] n=20  T=10000  p=12  sigma=0.1  lam=1e+04 seed=1  Tn=200000    cell=  38.1s  elapsed= 156.9m  eta=  55.3m
[315/357] n=20  T=10000  p=12  sigma=0.1  lam=1e+04 seed=7  Tn=200000    cell=  37.6s  elapsed= 157.6m  eta=  53.8m
[316/357] n=20  T=10000  p=12  sigma=0.3  lam=1e+04 seed=0  Tn=200000    cell= 154.6s  elapsed= 160.1m  eta=  52.9m
[317/357] n=20  T=10000  p=12  sigma=0.3  lam=1e+04 seed=1  Tn=200000    cell= 114.3s  elapsed= 162.0m  eta=  51.9m
[318/357] n=20  T=10000  p=12  sigma=0.3  lam=1e+04 seed=7  Tn=200000    cell= 117.7s  elapsed= 164.0m  eta=  50.8m
[319/357] n=20  T=10000  p=12  sigma=0.5  lam=1e+04 seed=0  Tn=200000    cell=1575.9s  elapsed= 190.3m  eta=  56.9m
[320/357] n=20  T=10000  p=12  sigma=0.5  lam=1e+04 seed=1  Tn=200000    cell=1470.6s  elapsed= 214.8m  eta=  62.1m
[321/357] n=20  T=10000  p=12  sigma=0.5  lam=1e+04 seed=7  Tn=200000    cell=1703.0s  elapsed= 243.2m  eta=  67.9m
[322/357] n=20  T=10000  p=24  sigma=0.1  lam=1e+04 seed=0  Tn=200000    cell= 174.0s  elapsed= 246.1m  eta=  66.2m
[323/357] n=20  T=10000  p=24  sigma=0.1  lam=1e+04 seed=1  Tn=200000    cell=  72.7s  elapsed= 247.3m  eta=  64.2m
[324/357] n=20  T=10000  p=24  sigma=0.1  lam=1e+04 seed=7  Tn=200000    cell=  11.5s  elapsed= 247.5m  eta=  61.9m
[325/357] n=20  T=10000  p=24  sigma=0.3  lam=1e+04 seed=0  Tn=200000    cell=  97.9s  elapsed= 249.1m  eta=  59.9m
[326/357] n=20  T=10000  p=24  sigma=0.3  lam=1e+04 seed=1  Tn=200000    cell=  76.5s  elapsed= 250.4m  eta=  57.9m
[327/357] n=20  T=10000  p=24  sigma=0.3  lam=1e+04 seed=7  Tn=200000    cell=  73.4s  elapsed= 251.6m  eta=  55.9m
[328/357] n=20  T=10000  p=24  sigma=0.5  lam=1e+04 seed=0  Tn=200000    cell= 906.2s  elapsed= 266.7m  eta=  56.9m
[329/357] n=20  T=10000  p=24  sigma=0.5  lam=1e+04 seed=1  Tn=200000    cell= 906.2s  elapsed= 281.8m  eta=  57.6m
[330/357] n=20  T=10000  p=24  sigma=0.5  lam=1e+04 seed=7  Tn=200000    cell= 825.7s  elapsed= 295.6m  eta=  57.8m
[331/357] n=5   T=1920   p=2   sigma=0.3  lam=1e+05 seed=0  Tn=9600      cell=   0.2s  elapsed= 295.6m  eta=  55.3m
[332/357] n=5   T=1920   p=2   sigma=0.3  lam=1e+05 seed=1  Tn=9600      cell=   0.2s  elapsed= 295.6m  eta=  52.8m
[333/357] n=5   T=1920   p=2   sigma=0.3  lam=1e+05 seed=7  Tn=9600      cell=   0.2s  elapsed= 295.6m  eta=  50.3m
[334/357] n=5   T=1920   p=2   sigma=0.3  lam=1e+06 seed=0  Tn=9600      cell=   0.2s  elapsed= 295.6m  eta=  47.9m
[335/357] n=5   T=1920   p=2   sigma=0.3  lam=1e+06 seed=1  Tn=9600      cell=   0.2s  elapsed= 295.6m  eta=  45.5m
[336/357] n=5   T=1920   p=2   sigma=0.3  lam=1e+06 seed=7  Tn=9600      cell=   0.2s  elapsed= 295.6m  eta=  43.1m
[337/357] n=5   T=1920   p=2   sigma=0.3  lam=1e+07 seed=0  Tn=9600      cell=   0.2s  elapsed= 295.6m  eta=  40.8m
[338/357] n=5   T=1920   p=2   sigma=0.3  lam=1e+07 seed=1  Tn=9600      cell=   0.2s  elapsed= 295.6m  eta=  38.5m
[339/357] n=5   T=1920   p=2   sigma=0.3  lam=1e+07 seed=7  Tn=9600      cell=   0.2s  elapsed= 295.6m  eta=  36.2m
[340/357] n=10  T=5000   p=12  sigma=0.3  lam=1e+05 seed=0  Tn=50000     cell=   9.5s  elapsed= 295.8m  eta=  34.0m
[341/357] n=10  T=5000   p=12  sigma=0.3  lam=1e+05 seed=1  Tn=50000     cell=  10.5s  elapsed= 295.9m  eta=  31.8m
[342/357] n=10  T=5000   p=12  sigma=0.3  lam=1e+05 seed=7  Tn=50000     cell=   8.9s  elapsed= 296.1m  eta=  29.6m
[343/357] n=10  T=5000   p=12  sigma=0.3  lam=1e+06 seed=0  Tn=50000     cell=   9.5s  elapsed= 296.2m  eta=  27.5m
[344/357] n=10  T=5000   p=12  sigma=0.3  lam=1e+06 seed=1  Tn=50000     cell=  10.6s  elapsed= 296.4m  eta=  25.4m
[345/357] n=10  T=5000   p=12  sigma=0.3  lam=1e+06 seed=7  Tn=50000     cell=   9.0s  elapsed= 296.6m  eta=  23.3m
[346/357] n=10  T=5000   p=12  sigma=0.3  lam=1e+07 seed=0  Tn=50000     cell=   9.5s  elapsed= 296.7m  eta=  21.2m
[347/357] n=10  T=5000   p=12  sigma=0.3  lam=1e+07 seed=1  Tn=50000     cell=  10.7s  elapsed= 296.9m  eta=  19.2m
[348/357] n=10  T=5000   p=12  sigma=0.3  lam=1e+07 seed=7  Tn=50000     cell=   9.0s  elapsed= 297.0m  eta=  17.1m
[349/357] n=20  T=10000  p=12  sigma=0.3  lam=1e+05 seed=0  Tn=200000    cell= 124.8s  elapsed= 299.1m  eta=  15.2m
[350/357] n=20  T=10000  p=12  sigma=0.3  lam=1e+05 seed=1  Tn=200000    cell= 103.2s  elapsed= 300.8m  eta=  13.3m
[351/357] n=20  T=10000  p=12  sigma=0.3  lam=1e+05 seed=7  Tn=200000    cell= 102.8s  elapsed= 302.6m  eta=  11.4m
[352/357] n=20  T=10000  p=12  sigma=0.3  lam=1e+06 seed=0  Tn=200000    cell= 124.9s  elapsed= 304.6m  eta=   9.5m
[353/357] n=20  T=10000  p=12  sigma=0.3  lam=1e+06 seed=1  Tn=200000    cell= 103.2s  elapsed= 306.4m  eta=   7.6m
[354/357] n=20  T=10000  p=12  sigma=0.3  lam=1e+06 seed=7  Tn=200000    cell= 102.8s  elapsed= 308.1m  eta=   5.7m
[355/357] n=20  T=10000  p=12  sigma=0.3  lam=1e+07 seed=0  Tn=200000    cell= 128.5s  elapsed= 310.2m  eta=   3.8m
[356/357] n=20  T=10000  p=12  sigma=0.3  lam=1e+07 seed=1  Tn=200000    cell= 105.7s  elapsed= 312.0m  eta=   1.9m
[357/357] n=20  T=10000  p=12  sigma=0.3  lam=1e+07 seed=7  Tn=200000    cell= 107.5s  elapsed= 313.8m  eta=   0.0m

Wrote /Users/linshih-yang/Documents/GitHub/Caught-in-the-Crossfire/theory/mf_oi_svmvar_report/code/thread2c_matrix_free_preconditioner/results.csv in 313.8 min
