Running 324 cells -> /Users/linshih-yang/Documents/GitHub/Caught-in-the-Crossfire/theory/mf_oi_svmvar_report/code/thread2b_fair_cost/results.csv
[1/324] n=5   T=480    p=2   sigma=0.1  seed=0  Tn=2400      cell=   0.1s  elapsed=  0.0m  eta=  0.6m
[2/324] n=5   T=480    p=2   sigma=0.1  seed=1  Tn=2400      cell=   0.0s  elapsed=  0.0m  eta=  0.4m
[3/324] n=5   T=480    p=2   sigma=0.1  seed=7  Tn=2400      cell=   0.0s  elapsed=  0.0m  eta=  0.3m
[4/324] n=5   T=480    p=2   sigma=0.3  seed=0  Tn=2400      cell=   0.1s  elapsed=  0.0m  eta=  0.3m
[5/324] n=5   T=480    p=2   sigma=0.3  seed=1  Tn=2400      cell=   0.1s  elapsed=  0.0m  eta=  0.3m
[6/324] n=5   T=480    p=2   sigma=0.3  seed=7  Tn=2400      cell=   0.1s  elapsed=  0.0m  eta=  0.3m
[7/324] n=5   T=480    p=2   sigma=0.5  seed=0  Tn=2400      cell=   0.1s  elapsed=  0.0m  eta=  0.3m
[8/324] n=5   T=480    p=2   sigma=0.5  seed=1  Tn=2400      cell=   0.1s  elapsed=  0.0m  eta=  0.4m
[9/324] n=5   T=480    p=2   sigma=0.5  seed=7  Tn=2400      cell=   0.1s  elapsed=  0.0m  eta=  0.4m
[10/324] n=5   T=480    p=12  sigma=0.1  seed=0  Tn=2400      cell=   0.2s  elapsed=  0.0m  eta=  0.4m
[11/324] n=5   T=480    p=12  sigma=0.1  seed=1  Tn=2400      cell=   0.2s  elapsed=  0.0m  eta=  0.5m
[12/324] n=5   T=480    p=12  sigma=0.1  seed=7  Tn=2400      cell=   0.2s  elapsed=  0.0m  eta=  0.5m
[13/324] n=5   T=480    p=12  sigma=0.3  seed=0  Tn=2400      cell=   0.2s  elapsed=  0.0m  eta=  0.6m
[14/324] n=5   T=480    p=12  sigma=0.3  seed=1  Tn=2400      cell=   0.2s  elapsed=  0.0m  eta=  0.6m
[15/324] n=5   T=480    p=12  sigma=0.3  seed=7  Tn=2400      cell=   0.2s  elapsed=  0.0m  eta=  0.7m
[16/324] n=5   T=480    p=12  sigma=0.5  seed=0  Tn=2400      cell=   0.4s  elapsed=  0.0m  eta=  0.7m
[17/324] n=5   T=480    p=12  sigma=0.5  seed=1  Tn=2400      cell=   0.3s  elapsed=  0.0m  eta=  0.8m
[18/324] n=5   T=480    p=12  sigma=0.5  seed=7  Tn=2400      cell=   0.5s  elapsed=  0.1m  eta=  0.9m
[19/324] n=5   T=480    p=24  sigma=0.1  seed=0  Tn=2400      cell=   0.5s  elapsed=  0.1m  eta=  1.0m
[20/324] n=5   T=480    p=24  sigma=0.1  seed=1  Tn=2400      cell=   0.5s  elapsed=  0.1m  eta=  1.0m
[21/324] n=5   T=480    p=24  sigma=0.1  seed=7  Tn=2400      cell=   0.5s  elapsed=  0.1m  eta=  1.1m
[22/324] n=5   T=480    p=24  sigma=0.3  seed=0  Tn=2400      cell=   0.5s  elapsed=  0.1m  eta=  1.1m
[23/324] n=5   T=480    p=24  sigma=0.3  seed=1  Tn=2400      cell=   0.5s  elapsed=  0.1m  eta=  1.2m
[24/324] n=5   T=480    p=24  sigma=0.3  seed=7  Tn=2400      cell=   0.6s  elapsed=  0.1m  eta=  1.3m
[25/324] n=5   T=480    p=24  sigma=0.5  seed=0  Tn=2400      cell=   0.7s  elapsed=  0.1m  eta=  1.4m
[26/324] n=5   T=480    p=24  sigma=0.5  seed=1  Tn=2400      cell=   0.7s  elapsed=  0.1m  eta=  1.4m
[27/324] n=5   T=480    p=24  sigma=0.5  seed=7  Tn=2400      cell=   1.0s  elapsed=  0.1m  eta=  1.5m
[28/324] n=5   T=1920   p=2   sigma=0.1  seed=0  Tn=9600      cell=   0.2s  elapsed=  0.1m  eta=  1.5m
[29/324] n=5   T=1920   p=2   sigma=0.1  seed=1  Tn=9600      cell=   0.2s  elapsed=  0.1m  eta=  1.5m
[30/324] n=5   T=1920   p=2   sigma=0.1  seed=7  Tn=9600      cell=   0.2s  elapsed=  0.2m  eta=  1.5m
[31/324] n=5   T=1920   p=2   sigma=0.3  seed=0  Tn=9600      cell=   0.2s  elapsed=  0.2m  eta=  1.5m
[32/324] n=5   T=1920   p=2   sigma=0.3  seed=1  Tn=9600      cell=   0.2s  elapsed=  0.2m  eta=  1.4m
[33/324] n=5   T=1920   p=2   sigma=0.3  seed=7  Tn=9600      cell=   0.2s  elapsed=  0.2m  eta=  1.4m
[34/324] n=5   T=1920   p=2   sigma=0.5  seed=0  Tn=9600      cell=   0.6s  elapsed=  0.2m  eta=  1.5m
[35/324] n=5   T=1920   p=2   sigma=0.5  seed=1  Tn=9600      cell=   0.5s  elapsed=  0.2m  eta=  1.5m
[36/324] n=5   T=1920   p=2   sigma=0.5  seed=7  Tn=9600      cell=   0.6s  elapsed=  0.2m  eta=  1.5m
[37/324] n=5   T=1920   p=12  sigma=0.1  seed=0  Tn=9600      cell=   0.9s  elapsed=  0.2m  eta=  1.6m
[38/324] n=5   T=1920   p=12  sigma=0.1  seed=1  Tn=9600      cell=   0.8s  elapsed=  0.2m  eta=  1.7m
[39/324] n=5   T=1920   p=12  sigma=0.1  seed=7  Tn=9600      cell=   0.9s  elapsed=  0.2m  eta=  1.7m
[40/324] n=5   T=1920   p=12  sigma=0.3  seed=0  Tn=9600      cell=   1.0s  elapsed=  0.3m  eta=  1.8m
[41/324] n=5   T=1920   p=12  sigma=0.3  seed=1  Tn=9600      cell=   1.0s  elapsed=  0.3m  eta=  1.9m
[42/324] n=5   T=1920   p=12  sigma=0.3  seed=7  Tn=9600      cell=   1.1s  elapsed=  0.3m  eta=  1.9m
[43/324] n=5   T=1920   p=12  sigma=0.5  seed=0  Tn=9600      cell=   2.1s  elapsed=  0.3m  eta=  2.1m
[44/324] n=5   T=1920   p=12  sigma=0.5  seed=1  Tn=9600      cell=   2.2s  elapsed=  0.4m  eta=  2.3m
[45/324] n=5   T=1920   p=12  sigma=0.5  seed=7  Tn=9600      cell=   2.3s  elapsed=  0.4m  eta=  2.5m
[46/324] n=5   T=1920   p=24  sigma=0.1  seed=0  Tn=9600      cell=   1.9s  elapsed=  0.4m  eta=  2.6m
[47/324] n=5   T=1920   p=24  sigma=0.1  seed=1  Tn=9600      cell=   1.9s  elapsed=  0.5m  eta=  2.7m
[48/324] n=5   T=1920   p=24  sigma=0.1  seed=7  Tn=9600      cell=   1.9s  elapsed=  0.5m  eta=  2.8m
[49/324] n=5   T=1920   p=24  sigma=0.3  seed=0  Tn=9600      cell=   2.2s  elapsed=  0.5m  eta=  3.0m
[50/324] n=5   T=1920   p=24  sigma=0.3  seed=1  Tn=9600      cell=   2.2s  elapsed=  0.6m  eta=  3.1m
[51/324] n=5   T=1920   p=24  sigma=0.3  seed=7  Tn=9600      cell=   2.3s  elapsed=  0.6m  eta=  3.2m
[52/324] n=5   T=1920   p=24  sigma=0.5  seed=0  Tn=9600      cell=   4.4s  elapsed=  0.7m  eta=  3.5m
[53/324] n=5   T=1920   p=24  sigma=0.5  seed=1  Tn=9600      cell=   4.6s  elapsed=  0.8m  eta=  3.9m
[54/324] n=5   T=1920   p=24  sigma=0.5  seed=7  Tn=9600      cell=   4.9s  elapsed=  0.8m  eta=  4.2m
[55/324] n=5   T=5000   p=2   sigma=0.1  seed=0  Tn=25000     cell=   0.5s  elapsed=  0.8m  eta=  4.1m
[56/324] n=5   T=5000   p=2   sigma=0.1  seed=1  Tn=25000     cell=   0.5s  elapsed=  0.9m  eta=  4.1m
[57/324] n=5   T=5000   p=2   sigma=0.1  seed=7  Tn=25000     cell=   0.5s  elapsed=  0.9m  eta=  4.0m
[58/324] n=5   T=5000   p=2   sigma=0.3  seed=0  Tn=25000     cell=   0.7s  elapsed=  0.9m  eta=  4.0m
[59/324] n=5   T=5000   p=2   sigma=0.3  seed=1  Tn=25000     cell=   0.8s  elapsed=  0.9m  eta=  4.0m
[60/324] n=5   T=5000   p=2   sigma=0.3  seed=7  Tn=25000     cell=   0.8s  elapsed=  0.9m  eta=  4.0m
[61/324] n=5   T=5000   p=2   sigma=0.5  seed=0  Tn=25000     cell=   2.7s  elapsed=  0.9m  eta=  4.1m
[62/324] n=5   T=5000   p=2   sigma=0.5  seed=1  Tn=25000     cell=   2.1s  elapsed=  1.0m  eta=  4.1m
[63/324] n=5   T=5000   p=2   sigma=0.5  seed=7  Tn=25000     cell=   2.8s  elapsed=  1.0m  eta=  4.2m
[64/324] n=5   T=5000   p=12  sigma=0.1  seed=0  Tn=25000     cell=   2.2s  elapsed=  1.1m  eta=  4.3m
[65/324] n=5   T=5000   p=12  sigma=0.1  seed=1  Tn=25000     cell=   2.2s  elapsed=  1.1m  eta=  4.4m
[66/324] n=5   T=5000   p=12  sigma=0.1  seed=7  Tn=25000     cell=   2.3s  elapsed=  1.1m  eta=  4.4m
[67/324] n=5   T=5000   p=12  sigma=0.3  seed=0  Tn=25000     cell=   2.8s  elapsed=  1.2m  eta=  4.5m
[68/324] n=5   T=5000   p=12  sigma=0.3  seed=1  Tn=25000     cell=   3.1s  elapsed=  1.2m  eta=  4.7m
[69/324] n=5   T=5000   p=12  sigma=0.3  seed=7  Tn=25000     cell=   2.9s  elapsed=  1.3m  eta=  4.7m
[70/324] n=5   T=5000   p=12  sigma=0.5  seed=0  Tn=25000     cell=   6.7s  elapsed=  1.4m  eta=  5.1m
[71/324] n=5   T=5000   p=12  sigma=0.5  seed=1  Tn=25000     cell=   7.4s  elapsed=  1.5m  eta=  5.4m
[72/324] n=5   T=5000   p=12  sigma=0.5  seed=7  Tn=25000     cell=   9.5s  elapsed=  1.7m  eta=  5.9m
[73/324] n=5   T=5000   p=24  sigma=0.1  seed=0  Tn=25000     cell=   4.9s  elapsed=  1.8m  eta=  6.1m
[74/324] n=5   T=5000   p=24  sigma=0.1  seed=1  Tn=25000     cell=   4.8s  elapsed=  1.8m  eta=  6.2m
[75/324] n=5   T=5000   p=24  sigma=0.1  seed=7  Tn=25000     cell=   4.8s  elapsed=  1.9m  eta=  6.4m
[76/324] n=5   T=5000   p=24  sigma=0.3  seed=0  Tn=25000     cell=   5.9s  elapsed=  2.0m  eta=  6.6m
[77/324] n=5   T=5000   p=24  sigma=0.3  seed=1  Tn=25000     cell=   6.1s  elapsed=  2.1m  eta=  6.8m
[78/324] n=5   T=5000   p=24  sigma=0.3  seed=7  Tn=25000     cell=   6.4s  elapsed=  2.2m  eta=  7.0m
[79/324] n=5   T=5000   p=24  sigma=0.5  seed=0  Tn=25000     cell=  14.3s  elapsed=  2.5m  eta=  7.7m
[80/324] n=5   T=5000   p=24  sigma=0.5  seed=1  Tn=25000     cell=  15.2s  elapsed=  2.7m  eta=  8.3m
[81/324] n=5   T=5000   p=24  sigma=0.5  seed=7  Tn=25000     cell=  19.8s  elapsed=  3.1m  eta=  9.2m
[82/324] n=5   T=10000  p=2   sigma=0.1  seed=0  Tn=50000     cell=   1.0s  elapsed=  3.1m  eta=  9.1m
[83/324] n=5   T=10000  p=2   sigma=0.1  seed=1  Tn=50000     cell=   1.0s  elapsed=  3.1m  eta=  9.0m
[84/324] n=5   T=10000  p=2   sigma=0.1  seed=7  Tn=50000     cell=   1.0s  elapsed=  3.1m  eta=  8.9m
[85/324] n=5   T=10000  p=2   sigma=0.3  seed=0  Tn=50000     cell=   1.5s  elapsed=  3.1m  eta=  8.8m
[86/324] n=5   T=10000  p=2   sigma=0.3  seed=1  Tn=50000     cell=   1.5s  elapsed=  3.2m  eta=  8.7m
[87/324] n=5   T=10000  p=2   sigma=0.3  seed=7  Tn=50000     cell=   1.4s  elapsed=  3.2m  eta=  8.6m
[88/324] n=5   T=10000  p=2   sigma=0.5  seed=0  Tn=50000     cell=   7.2s  elapsed=  3.3m  eta=  8.8m
[89/324] n=5   T=10000  p=2   sigma=0.5  seed=1  Tn=50000     cell=   7.4s  elapsed=  3.4m  eta=  9.0m
[90/324] n=5   T=10000  p=2   sigma=0.5  seed=7  Tn=50000     cell=   5.7s  elapsed=  3.5m  eta=  9.1m
[91/324] n=5   T=10000  p=12  sigma=0.1  seed=0  Tn=50000     cell=   4.4s  elapsed=  3.6m  eta=  9.2m
[92/324] n=5   T=10000  p=12  sigma=0.1  seed=1  Tn=50000     cell=   4.4s  elapsed=  3.7m  eta=  9.2m
[93/324] n=5   T=10000  p=12  sigma=0.1  seed=7  Tn=50000     cell=   4.3s  elapsed=  3.7m  eta=  9.3m
[94/324] n=5   T=10000  p=12  sigma=0.3  seed=0  Tn=50000     cell=   6.0s  elapsed=  3.8m  eta=  9.4m
[95/324] n=5   T=10000  p=12  sigma=0.3  seed=1  Tn=50000     cell=   6.0s  elapsed=  3.9m  eta=  9.5m
[96/324] n=5   T=10000  p=12  sigma=0.3  seed=7  Tn=50000     cell=   5.7s  elapsed=  4.0m  eta=  9.6m
[97/324] n=5   T=10000  p=12  sigma=0.5  seed=0  Tn=50000     cell=  24.6s  elapsed=  4.4m  eta= 10.4m
[98/324] n=5   T=10000  p=12  sigma=0.5  seed=1  Tn=50000     cell=  46.9s  elapsed=  5.2m  eta= 12.0m
[99/324] n=5   T=10000  p=12  sigma=0.5  seed=7  Tn=50000     cell=  32.0s  elapsed=  5.8m  eta= 13.1m
[100/324] n=5   T=10000  p=24  sigma=0.1  seed=0  Tn=50000     cell=  19.9s  elapsed=  6.1m  eta= 13.6m
[101/324] n=5   T=10000  p=24  sigma=0.1  seed=1  Tn=50000     cell=  11.6s  elapsed=  6.3m  eta= 13.9m
[102/324] n=5   T=10000  p=24  sigma=0.1  seed=7  Tn=50000     cell=   9.4s  elapsed=  6.4m  eta= 14.0m
[103/324] n=5   T=10000  p=24  sigma=0.3  seed=0  Tn=50000     cell=  28.1s  elapsed=  6.9m  eta= 14.8m
[104/324] n=5   T=10000  p=24  sigma=0.3  seed=1  Tn=50000     cell=  20.1s  elapsed=  7.2m  eta= 15.3m
[105/324] n=5   T=10000  p=24  sigma=0.3  seed=7  Tn=50000     cell=  24.1s  elapsed=  7.6m  eta= 15.9m
[106/324] n=5   T=10000  p=24  sigma=0.5  seed=0  Tn=50000     cell=  58.6s  elapsed=  8.6m  eta= 17.7m
[107/324] n=5   T=10000  p=24  sigma=0.5  seed=1  Tn=50000     cell=  58.8s  elapsed=  9.6m  eta= 19.5m
[108/324] n=5   T=10000  p=24  sigma=0.5  seed=7  Tn=50000     cell=  46.0s  elapsed= 10.4m  eta= 20.7m
[109/324] n=10  T=480    p=2   sigma=0.1  seed=0  Tn=4800      cell=   0.2s  elapsed= 10.4m  eta= 20.4m
[110/324] n=10  T=480    p=2   sigma=0.1  seed=1  Tn=4800      cell=   0.2s  elapsed= 10.4m  eta= 20.2m
[111/324] n=10  T=480    p=2   sigma=0.1  seed=7  Tn=4800      cell=   0.2s  elapsed= 10.4m  eta= 19.9m
[112/324] n=10  T=480    p=2   sigma=0.3  seed=0  Tn=4800      cell=   0.2s  elapsed= 10.4m  eta= 19.6m
[113/324] n=10  T=480    p=2   sigma=0.3  seed=1  Tn=4800      cell=   0.2s  elapsed= 10.4m  eta= 19.4m
[114/324] n=10  T=480    p=2   sigma=0.3  seed=7  Tn=4800      cell=   0.2s  elapsed= 10.4m  eta= 19.1m
[115/324] n=10  T=480    p=2   sigma=0.5  seed=0  Tn=4800      cell=   0.3s  elapsed= 10.4m  eta= 18.9m
[116/324] n=10  T=480    p=2   sigma=0.5  seed=1  Tn=4800      cell=   0.3s  elapsed= 10.4m  eta= 18.6m
[117/324] n=10  T=480    p=2   sigma=0.5  seed=7  Tn=4800      cell=   0.3s  elapsed= 10.4m  eta= 18.4m
[118/324] n=10  T=480    p=12  sigma=0.1  seed=0  Tn=4800      cell=   0.9s  elapsed= 10.4m  eta= 18.2m
[119/324] n=10  T=480    p=12  sigma=0.1  seed=1  Tn=4800      cell=   0.9s  elapsed= 10.4m  eta= 18.0m
[120/324] n=10  T=480    p=12  sigma=0.1  seed=7  Tn=4800      cell=   0.9s  elapsed= 10.4m  eta= 17.8m
[121/324] n=10  T=480    p=12  sigma=0.3  seed=0  Tn=4800      cell=   1.0s  elapsed= 10.5m  eta= 17.5m
[122/324] n=10  T=480    p=12  sigma=0.3  seed=1  Tn=4800      cell=   1.0s  elapsed= 10.5m  eta= 17.3m
[123/324] n=10  T=480    p=12  sigma=0.3  seed=7  Tn=4800      cell=   1.1s  elapsed= 10.5m  eta= 17.1m
[124/324] n=10  T=480    p=12  sigma=0.5  seed=0  Tn=4800      cell=   1.7s  elapsed= 10.5m  eta= 17.0m
[125/324] n=10  T=480    p=12  sigma=0.5  seed=1  Tn=4800      cell=   1.5s  elapsed= 10.5m  eta= 16.8m
[126/324] n=10  T=480    p=12  sigma=0.5  seed=7  Tn=4800      cell=   1.9s  elapsed= 10.6m  eta= 16.6m
[127/324] n=10  T=480    p=24  sigma=0.1  seed=0  Tn=4800      cell=   2.1s  elapsed= 10.6m  eta= 16.5m
[128/324] n=10  T=480    p=24  sigma=0.1  seed=1  Tn=4800      cell=   2.1s  elapsed= 10.6m  eta= 16.3m
[129/324] n=10  T=480    p=24  sigma=0.1  seed=7  Tn=4800      cell=   2.1s  elapsed= 10.7m  eta= 16.1m
[130/324] n=10  T=480    p=24  sigma=0.3  seed=0  Tn=4800      cell=   2.3s  elapsed= 10.7m  eta= 16.0m
[131/324] n=10  T=480    p=24  sigma=0.3  seed=1  Tn=4800      cell=   2.4s  elapsed= 10.8m  eta= 15.9m
[132/324] n=10  T=480    p=24  sigma=0.3  seed=7  Tn=4800      cell=   2.4s  elapsed= 10.8m  eta= 15.7m
[133/324] n=10  T=480    p=24  sigma=0.5  seed=0  Tn=4800      cell=   3.3s  elapsed= 10.9m  eta= 15.6m
[134/324] n=10  T=480    p=24  sigma=0.5  seed=1  Tn=4800      cell=   4.2s  elapsed= 10.9m  eta= 15.5m
[135/324] n=10  T=480    p=24  sigma=0.5  seed=7  Tn=4800      cell=   4.8s  elapsed= 11.0m  eta= 15.4m
[136/324] n=10  T=1920   p=2   sigma=0.1  seed=0  Tn=19200     cell=   0.6s  elapsed= 11.0m  eta= 15.2m
[137/324] n=10  T=1920   p=2   sigma=0.1  seed=1  Tn=19200     cell=   0.6s  elapsed= 11.0m  eta= 15.1m
[138/324] n=10  T=1920   p=2   sigma=0.1  seed=7  Tn=19200     cell=   0.6s  elapsed= 11.0m  eta= 14.9m
[139/324] n=10  T=1920   p=2   sigma=0.3  seed=0  Tn=19200     cell=   0.9s  elapsed= 11.1m  eta= 14.7m
[140/324] n=10  T=1920   p=2   sigma=0.3  seed=1  Tn=19200     cell=   0.8s  elapsed= 11.1m  eta= 14.5m
[141/324] n=10  T=1920   p=2   sigma=0.3  seed=7  Tn=19200     cell=   0.9s  elapsed= 11.1m  eta= 14.4m
[142/324] n=10  T=1920   p=2   sigma=0.5  seed=0  Tn=19200     cell=   2.6s  elapsed= 11.1m  eta= 14.3m
[143/324] n=10  T=1920   p=2   sigma=0.5  seed=1  Tn=19200     cell=   2.8s  elapsed= 11.2m  eta= 14.1m
[144/324] n=10  T=1920   p=2   sigma=0.5  seed=7  Tn=19200     cell=   3.1s  elapsed= 11.2m  eta= 14.0m
[145/324] n=10  T=1920   p=12  sigma=0.1  seed=0  Tn=19200     cell=   3.7s  elapsed= 11.3m  eta= 13.9m
[146/324] n=10  T=1920   p=12  sigma=0.1  seed=1  Tn=19200     cell=   3.7s  elapsed= 11.3m  eta= 13.8m
[147/324] n=10  T=1920   p=12  sigma=0.1  seed=7  Tn=19200     cell=   3.8s  elapsed= 11.4m  eta= 13.7m
[148/324] n=10  T=1920   p=12  sigma=0.3  seed=0  Tn=19200     cell=   4.9s  elapsed= 11.5m  eta= 13.7m
[149/324] n=10  T=1920   p=12  sigma=0.3  seed=1  Tn=19200     cell=   4.7s  elapsed= 11.6m  eta= 13.6m
[150/324] n=10  T=1920   p=12  sigma=0.3  seed=7  Tn=19200     cell=   4.7s  elapsed= 11.6m  eta= 13.5m
[151/324] n=10  T=1920   p=12  sigma=0.5  seed=0  Tn=19200     cell=  13.0s  elapsed= 11.9m  eta= 13.6m
[152/324] n=10  T=1920   p=12  sigma=0.5  seed=1  Tn=19200     cell=  12.3s  elapsed= 12.1m  eta= 13.7m
[153/324] n=10  T=1920   p=12  sigma=0.5  seed=7  Tn=19200     cell=  13.7s  elapsed= 12.3m  eta= 13.7m
[154/324] n=10  T=1920   p=24  sigma=0.1  seed=0  Tn=19200     cell=   8.5s  elapsed= 12.4m  eta= 13.7m
[155/324] n=10  T=1920   p=24  sigma=0.1  seed=1  Tn=19200     cell=   8.5s  elapsed= 12.6m  eta= 13.7m
[156/324] n=10  T=1920   p=24  sigma=0.1  seed=7  Tn=19200     cell=   8.1s  elapsed= 12.7m  eta= 13.7m
[157/324] n=10  T=1920   p=24  sigma=0.3  seed=0  Tn=19200     cell=   9.9s  elapsed= 12.9m  eta= 13.7m
[158/324] n=10  T=1920   p=24  sigma=0.3  seed=1  Tn=19200     cell=  10.9s  elapsed= 13.1m  eta= 13.7m
[159/324] n=10  T=1920   p=24  sigma=0.3  seed=7  Tn=19200     cell=  10.6s  elapsed= 13.2m  eta= 13.7m
[160/324] n=10  T=1920   p=24  sigma=0.5  seed=0  Tn=19200     cell=  26.9s  elapsed= 13.7m  eta= 14.0m
[161/324] n=10  T=1920   p=24  sigma=0.5  seed=1  Tn=19200     cell=  27.8s  elapsed= 14.1m  eta= 14.3m
[162/324] n=10  T=1920   p=24  sigma=0.5  seed=7  Tn=19200     cell=  29.2s  elapsed= 14.6m  eta= 14.6m
[163/324] n=10  T=5000   p=2   sigma=0.1  seed=0  Tn=50000     cell=   1.6s  elapsed= 14.7m  eta= 14.5m
[164/324] n=10  T=5000   p=2   sigma=0.1  seed=1  Tn=50000     cell=   1.6s  elapsed= 14.7m  eta= 14.3m
[165/324] n=10  T=5000   p=2   sigma=0.1  seed=7  Tn=50000     cell=   1.6s  elapsed= 14.7m  eta= 14.2m
[166/324] n=10  T=5000   p=2   sigma=0.3  seed=0  Tn=50000     cell=   2.2s  elapsed= 14.8m  eta= 14.0m
[167/324] n=10  T=5000   p=2   sigma=0.3  seed=1  Tn=50000     cell=   2.3s  elapsed= 14.8m  eta= 13.9m
[168/324] n=10  T=5000   p=2   sigma=0.3  seed=7  Tn=50000     cell=   2.2s  elapsed= 14.8m  eta= 13.8m
[169/324] n=10  T=5000   p=2   sigma=0.5  seed=0  Tn=50000     cell=   8.8s  elapsed= 15.0m  eta= 13.7m
[170/324] n=10  T=5000   p=2   sigma=0.5  seed=1  Tn=50000     cell=   8.8s  elapsed= 15.1m  eta= 13.7m
[171/324] n=10  T=5000   p=2   sigma=0.5  seed=7  Tn=50000     cell=   8.1s  elapsed= 15.3m  eta= 13.7m
[172/324] n=10  T=5000   p=12  sigma=0.1  seed=0  Tn=50000     cell=   9.6s  elapsed= 15.4m  eta= 13.6m
[173/324] n=10  T=5000   p=12  sigma=0.1  seed=1  Tn=50000     cell=   9.5s  elapsed= 15.6m  eta= 13.6m
[174/324] n=10  T=5000   p=12  sigma=0.1  seed=7  Tn=50000     cell=   9.5s  elapsed= 15.7m  eta= 13.6m
[175/324] n=10  T=5000   p=12  sigma=0.3  seed=0  Tn=50000     cell=  13.1s  elapsed= 16.0m  eta= 13.6m
[176/324] n=10  T=5000   p=12  sigma=0.3  seed=1  Tn=50000     cell=  13.3s  elapsed= 16.2m  eta= 13.6m
[177/324] n=10  T=5000   p=12  sigma=0.3  seed=7  Tn=50000     cell=  13.1s  elapsed= 16.4m  eta= 13.6m
[178/324] n=10  T=5000   p=12  sigma=0.5  seed=0  Tn=50000     cell=  45.8s  elapsed= 17.2m  eta= 14.1m
[179/324] n=10  T=5000   p=12  sigma=0.5  seed=1  Tn=50000     cell=  49.6s  elapsed= 18.0m  eta= 14.6m
[180/324] n=10  T=5000   p=12  sigma=0.5  seed=7  Tn=50000     cell=  44.8s  elapsed= 18.7m  eta= 15.0m
[181/324] n=10  T=5000   p=24  sigma=0.1  seed=0  Tn=50000     cell=  21.8s  elapsed= 19.1m  eta= 15.1m
[182/324] n=10  T=5000   p=24  sigma=0.1  seed=1  Tn=50000     cell=  21.7s  elapsed= 19.5m  eta= 15.2m
[183/324] n=10  T=5000   p=24  sigma=0.1  seed=7  Tn=50000     cell=  21.6s  elapsed= 19.8m  eta= 15.3m
[184/324] n=10  T=5000   p=24  sigma=0.3  seed=0  Tn=50000     cell=  28.1s  elapsed= 20.3m  eta= 15.4m
[185/324] n=10  T=5000   p=24  sigma=0.3  seed=1  Tn=50000     cell=  29.5s  elapsed= 20.8m  eta= 15.6m
[186/324] n=10  T=5000   p=24  sigma=0.3  seed=7  Tn=50000     cell=  28.6s  elapsed= 21.3m  eta= 15.8m
[187/324] n=10  T=5000   p=24  sigma=0.5  seed=0  Tn=50000     cell=  93.2s  elapsed= 22.8m  eta= 16.7m
[188/324] n=10  T=5000   p=24  sigma=0.5  seed=1  Tn=50000     cell= 100.1s  elapsed= 24.5m  eta= 17.7m
[189/324] n=10  T=5000   p=24  sigma=0.5  seed=7  Tn=50000     cell=  89.1s  elapsed= 26.0m  eta= 18.5m
[190/324] n=10  T=10000  p=2   sigma=0.1  seed=0  Tn=100000    cell=   3.1s  elapsed= 26.0m  eta= 18.3m
[191/324] n=10  T=10000  p=2   sigma=0.1  seed=1  Tn=100000    cell=   3.1s  elapsed= 26.1m  eta= 18.1m
[192/324] n=10  T=10000  p=2   sigma=0.1  seed=7  Tn=100000    cell=   3.1s  elapsed= 26.1m  eta= 18.0m
[193/324] n=10  T=10000  p=2   sigma=0.3  seed=0  Tn=100000    cell=   4.4s  elapsed= 26.2m  eta= 17.8m
[194/324] n=10  T=10000  p=2   sigma=0.3  seed=1  Tn=100000    cell=   4.7s  elapsed= 26.3m  eta= 17.6m
[195/324] n=10  T=10000  p=2   sigma=0.3  seed=7  Tn=100000    cell=   4.5s  elapsed= 26.3m  eta= 17.4m
[196/324] n=10  T=10000  p=2   sigma=0.5  seed=0  Tn=100000    cell=  17.8s  elapsed= 26.6m  eta= 17.4m
[197/324] n=10  T=10000  p=2   sigma=0.5  seed=1  Tn=100000    cell=  23.7s  elapsed= 27.0m  eta= 17.4m
[198/324] n=10  T=10000  p=2   sigma=0.5  seed=7  Tn=100000    cell=  19.5s  elapsed= 27.4m  eta= 17.4m
[199/324] n=10  T=10000  p=12  sigma=0.1  seed=0  Tn=100000    cell=  18.5s  elapsed= 27.7m  eta= 17.4m
[200/324] n=10  T=10000  p=12  sigma=0.1  seed=1  Tn=100000    cell=  18.6s  elapsed= 28.0m  eta= 17.3m
[201/324] n=10  T=10000  p=12  sigma=0.1  seed=7  Tn=100000    cell=  18.6s  elapsed= 28.3m  eta= 17.3m
[202/324] n=10  T=10000  p=12  sigma=0.3  seed=0  Tn=100000    cell=  25.9s  elapsed= 28.7m  eta= 17.3m
[203/324] n=10  T=10000  p=12  sigma=0.3  seed=1  Tn=100000    cell=  27.4s  elapsed= 29.2m  eta= 17.4m
[204/324] n=10  T=10000  p=12  sigma=0.3  seed=7  Tn=100000    cell=  26.3s  elapsed= 29.6m  eta= 17.4m
[205/324] n=10  T=10000  p=12  sigma=0.5  seed=0  Tn=100000    cell=  97.8s  elapsed= 31.2m  eta= 18.1m
[206/324] n=10  T=10000  p=12  sigma=0.5  seed=1  Tn=100000    cell= 124.0s  elapsed= 33.3m  eta= 19.1m
[207/324] n=10  T=10000  p=12  sigma=0.5  seed=7  Tn=100000    cell= 112.0s  elapsed= 35.2m  eta= 19.9m
[208/324] n=10  T=10000  p=24  sigma=0.1  seed=0  Tn=100000    cell=  43.4s  elapsed= 35.9m  eta= 20.0m
[209/324] n=10  T=10000  p=24  sigma=0.1  seed=1  Tn=100000    cell=  43.3s  elapsed= 36.6m  eta= 20.2m
[210/324] n=10  T=10000  p=24  sigma=0.1  seed=7  Tn=100000    cell=  42.7s  elapsed= 37.3m  eta= 20.3m
[211/324] n=10  T=10000  p=24  sigma=0.3  seed=0  Tn=100000    cell=  57.2s  elapsed= 38.3m  eta= 20.5m
[212/324] n=10  T=10000  p=24  sigma=0.3  seed=1  Tn=100000    cell=  60.8s  elapsed= 39.3m  eta= 20.8m
[213/324] n=10  T=10000  p=24  sigma=0.3  seed=7  Tn=100000    cell=  60.6s  elapsed= 40.3m  eta= 21.0m
[214/324] n=10  T=10000  p=24  sigma=0.5  seed=0  Tn=100000    cell= 210.3s  elapsed= 43.8m  eta= 22.5m
[215/324] n=10  T=10000  p=24  sigma=0.5  seed=1  Tn=100000    cell= 259.5s  elapsed= 48.1m  eta= 24.4m
[216/324] n=10  T=10000  p=24  sigma=0.5  seed=7  Tn=100000    cell= 220.3s  elapsed= 51.8m  eta= 25.9m
[217/324] n=20  T=480    p=2   sigma=0.1  seed=0  Tn=9600      cell=   0.6s  elapsed= 51.8m  eta= 25.6m
[218/324] n=20  T=480    p=2   sigma=0.1  seed=1  Tn=9600      cell=   0.6s  elapsed= 51.8m  eta= 25.2m
[219/324] n=20  T=480    p=2   sigma=0.1  seed=7  Tn=9600      cell=   0.6s  elapsed= 51.8m  eta= 24.9m
[220/324] n=20  T=480    p=2   sigma=0.3  seed=0  Tn=9600      cell=   0.7s  elapsed= 51.9m  eta= 24.5m
[221/324] n=20  T=480    p=2   sigma=0.3  seed=1  Tn=9600      cell=   0.7s  elapsed= 51.9m  eta= 24.2m
[222/324] n=20  T=480    p=2   sigma=0.3  seed=7  Tn=9600      cell=   0.8s  elapsed= 51.9m  eta= 23.8m
[223/324] n=20  T=480    p=2   sigma=0.5  seed=0  Tn=9600      cell=   1.2s  elapsed= 51.9m  eta= 23.5m
[224/324] n=20  T=480    p=2   sigma=0.5  seed=1  Tn=9600      cell=   1.6s  elapsed= 51.9m  eta= 23.2m
[225/324] n=20  T=480    p=2   sigma=0.5  seed=7  Tn=9600      cell=   1.9s  elapsed= 52.0m  eta= 22.9m
[226/324] n=20  T=480    p=12  sigma=0.1  seed=0  Tn=9600      cell=   4.3s  elapsed= 52.0m  eta= 22.6m
[227/324] n=20  T=480    p=12  sigma=0.1  seed=1  Tn=9600      cell=   4.2s  elapsed= 52.1m  eta= 22.3m
[228/324] n=20  T=480    p=12  sigma=0.1  seed=7  Tn=9600      cell=   4.2s  elapsed= 52.2m  eta= 22.0m
[229/324] n=20  T=480    p=12  sigma=0.3  seed=0  Tn=9600      cell=   5.2s  elapsed= 52.3m  eta= 21.7m
[230/324] n=20  T=480    p=12  sigma=0.3  seed=1  Tn=9600      cell=   5.2s  elapsed= 52.3m  eta= 21.4m
[231/324] n=20  T=480    p=12  sigma=0.3  seed=7  Tn=9600      cell=   5.0s  elapsed= 52.4m  eta= 21.1m
[232/324] n=20  T=480    p=12  sigma=0.5  seed=0  Tn=9600      cell=  12.1s  elapsed= 52.6m  eta= 20.9m
[233/324] n=20  T=480    p=12  sigma=0.5  seed=1  Tn=9600      cell=  10.6s  elapsed= 52.8m  eta= 20.6m
[234/324] n=20  T=480    p=12  sigma=0.5  seed=7  Tn=9600      cell=  11.1s  elapsed= 53.0m  eta= 20.4m
[235/324] n=20  T=480    p=24  sigma=0.1  seed=0  Tn=9600      cell=  10.5s  elapsed= 53.2m  eta= 20.1m
[236/324] n=20  T=480    p=24  sigma=0.1  seed=1  Tn=9600      cell=  10.5s  elapsed= 53.3m  eta= 19.9m
[237/324] n=20  T=480    p=24  sigma=0.1  seed=7  Tn=9600      cell=  10.5s  elapsed= 53.5m  eta= 19.6m
[238/324] n=20  T=480    p=24  sigma=0.3  seed=0  Tn=9600      cell=  12.7s  elapsed= 53.7m  eta= 19.4m
[239/324] n=20  T=480    p=24  sigma=0.3  seed=1  Tn=9600      cell=  11.9s  elapsed= 53.9m  eta= 19.2m
[240/324] n=20  T=480    p=24  sigma=0.3  seed=7  Tn=9600      cell=  12.3s  elapsed= 54.1m  eta= 18.9m
[241/324] n=20  T=480    p=24  sigma=0.5  seed=0  Tn=9600      cell=  25.9s  elapsed= 54.6m  eta= 18.8m
[242/324] n=20  T=480    p=24  sigma=0.5  seed=1  Tn=9600      cell=  19.3s  elapsed= 54.9m  eta= 18.6m
[243/324] n=20  T=480    p=24  sigma=0.5  seed=7  Tn=9600      cell=  21.9s  elapsed= 55.2m  eta= 18.4m
[244/324] n=20  T=1920   p=2   sigma=0.1  seed=0  Tn=38400     cell=   2.4s  elapsed= 55.3m  eta= 18.1m
[245/324] n=20  T=1920   p=2   sigma=0.1  seed=1  Tn=38400     cell=   2.4s  elapsed= 55.3m  eta= 17.8m
[246/324] n=20  T=1920   p=2   sigma=0.1  seed=7  Tn=38400     cell=   2.4s  elapsed= 55.4m  eta= 17.6m
[247/324] n=20  T=1920   p=2   sigma=0.3  seed=0  Tn=38400     cell=   3.7s  elapsed= 55.4m  eta= 17.3m
[248/324] n=20  T=1920   p=2   sigma=0.3  seed=1  Tn=38400     cell=   3.3s  elapsed= 55.5m  eta= 17.0m
[249/324] n=20  T=1920   p=2   sigma=0.3  seed=7  Tn=38400     cell=   3.5s  elapsed= 55.5m  eta= 16.7m
[250/324] n=20  T=1920   p=2   sigma=0.5  seed=0  Tn=38400     cell=  14.9s  elapsed= 55.8m  eta= 16.5m
[251/324] n=20  T=1920   p=2   sigma=0.5  seed=1  Tn=38400     cell=  11.8s  elapsed= 56.0m  eta= 16.3m
[252/324] n=20  T=1920   p=2   sigma=0.5  seed=7  Tn=38400     cell=  12.6s  elapsed= 56.2m  eta= 16.1m
[253/324] n=20  T=1920   p=12  sigma=0.1  seed=0  Tn=38400     cell=  17.1s  elapsed= 56.5m  eta= 15.9m
[254/324] n=20  T=1920   p=12  sigma=0.1  seed=1  Tn=38400     cell=  16.9s  elapsed= 56.8m  eta= 15.6m
[255/324] n=20  T=1920   p=12  sigma=0.1  seed=7  Tn=38400     cell=  16.9s  elapsed= 57.0m  eta= 15.4m
[256/324] n=20  T=1920   p=12  sigma=0.3  seed=0  Tn=38400     cell=  23.7s  elapsed= 57.4m  eta= 15.3m
[257/324] n=20  T=1920   p=12  sigma=0.3  seed=1  Tn=38400     cell=  21.9s  elapsed= 57.8m  eta= 15.1m
[258/324] n=20  T=1920   p=12  sigma=0.3  seed=7  Tn=38400     cell=  22.9s  elapsed= 58.2m  eta= 14.9m
[259/324] n=20  T=1920   p=12  sigma=0.5  seed=0  Tn=38400     cell=  78.1s  elapsed= 59.5m  eta= 14.9m
[260/324] n=20  T=1920   p=12  sigma=0.5  seed=1  Tn=38400     cell=  63.1s  elapsed= 60.5m  eta= 14.9m
[261/324] n=20  T=1920   p=12  sigma=0.5  seed=7  Tn=38400     cell=  67.6s  elapsed= 61.7m  eta= 14.9m
[262/324] n=20  T=1920   p=24  sigma=0.1  seed=0  Tn=38400     cell=  43.4s  elapsed= 62.4m  eta= 14.8m
[263/324] n=20  T=1920   p=24  sigma=0.1  seed=1  Tn=38400     cell=  43.0s  elapsed= 63.1m  eta= 14.6m
[264/324] n=20  T=1920   p=24  sigma=0.1  seed=7  Tn=38400     cell=  42.3s  elapsed= 63.8m  eta= 14.5m
[265/324] n=20  T=1920   p=24  sigma=0.3  seed=0  Tn=38400     cell=  55.2s  elapsed= 64.7m  eta= 14.4m
[266/324] n=20  T=1920   p=24  sigma=0.3  seed=1  Tn=38400     cell=  52.9s  elapsed= 65.6m  eta= 14.3m
[267/324] n=20  T=1920   p=24  sigma=0.3  seed=7  Tn=38400     cell=  53.1s  elapsed= 66.5m  eta= 14.2m
[268/324] n=20  T=1920   p=24  sigma=0.5  seed=0  Tn=38400     cell= 161.5s  elapsed= 69.2m  eta= 14.5m
[269/324] n=20  T=1920   p=24  sigma=0.5  seed=1  Tn=38400     cell= 144.5s  elapsed= 71.6m  eta= 14.6m
[270/324] n=20  T=1920   p=24  sigma=0.5  seed=7  Tn=38400     cell= 133.0s  elapsed= 73.8m  eta= 14.8m
[271/324] n=20  T=5000   p=2   sigma=0.1  seed=0  Tn=100000    cell=   6.2s  elapsed= 73.9m  eta= 14.5m
[272/324] n=20  T=5000   p=2   sigma=0.1  seed=1  Tn=100000    cell=   6.3s  elapsed= 74.0m  eta= 14.2m
[273/324] n=20  T=5000   p=2   sigma=0.1  seed=7  Tn=100000    cell=   6.3s  elapsed= 74.1m  eta= 13.8m
[274/324] n=20  T=5000   p=2   sigma=0.3  seed=0  Tn=100000    cell=   9.4s  elapsed= 74.3m  eta= 13.6m
[275/324] n=20  T=5000   p=2   sigma=0.3  seed=1  Tn=100000    cell=   9.2s  elapsed= 74.4m  eta= 13.3m
[276/324] n=20  T=5000   p=2   sigma=0.3  seed=7  Tn=100000    cell=   9.3s  elapsed= 74.6m  eta= 13.0m
[277/324] n=20  T=5000   p=2   sigma=0.5  seed=0  Tn=100000    cell=  45.2s  elapsed= 75.3m  eta= 12.8m
[278/324] n=20  T=5000   p=2   sigma=0.5  seed=1  Tn=100000    cell=  41.2s  elapsed= 76.0m  eta= 12.6m
[279/324] n=20  T=5000   p=2   sigma=0.5  seed=7  Tn=100000    cell=  43.0s  elapsed= 76.8m  eta= 12.4m
[280/324] n=20  T=5000   p=12  sigma=0.1  seed=0  Tn=100000    cell=  45.4s  elapsed= 77.5m  eta= 12.2m
[281/324] n=20  T=5000   p=12  sigma=0.1  seed=1  Tn=100000    cell=  43.0s  elapsed= 78.2m  eta= 12.0m
[282/324] n=20  T=5000   p=12  sigma=0.1  seed=7  Tn=100000    cell=  43.8s  elapsed= 79.0m  eta= 11.8m
[283/324] n=20  T=5000   p=12  sigma=0.3  seed=0  Tn=100000    cell=  63.1s  elapsed= 80.0m  eta= 11.6m
[284/324] n=20  T=5000   p=12  sigma=0.3  seed=1  Tn=100000    cell=  61.2s  elapsed= 81.0m  eta= 11.4m
[285/324] n=20  T=5000   p=12  sigma=0.3  seed=7  Tn=100000    cell=  69.9s  elapsed= 82.2m  eta= 11.2m
[286/324] n=20  T=5000   p=12  sigma=0.5  seed=0  Tn=100000    cell= 285.7s  elapsed= 87.0m  eta= 11.6m
[287/324] n=20  T=5000   p=12  sigma=0.5  seed=1  Tn=100000    cell= 307.2s  elapsed= 92.1m  eta= 11.9m
[288/324] n=20  T=5000   p=12  sigma=0.5  seed=7  Tn=100000    cell= 349.1s  elapsed= 97.9m  eta= 12.2m
[289/324] n=20  T=5000   p=24  sigma=0.1  seed=0  Tn=100000    cell= 112.7s  elapsed= 99.8m  eta= 12.1m
[290/324] n=20  T=5000   p=24  sigma=0.1  seed=1  Tn=100000    cell= 116.0s  elapsed=101.7m  eta= 11.9m
[291/324] n=20  T=5000   p=24  sigma=0.1  seed=7  Tn=100000    cell= 115.8s  elapsed=103.6m  eta= 11.8m
[292/324] n=20  T=5000   p=24  sigma=0.3  seed=0  Tn=100000    cell= 154.7s  elapsed=106.2m  eta= 11.6m
[293/324] n=20  T=5000   p=24  sigma=0.3  seed=1  Tn=100000    cell= 151.4s  elapsed=108.7m  eta= 11.5m
[294/324] n=20  T=5000   p=24  sigma=0.3  seed=7  Tn=100000    cell= 146.1s  elapsed=111.2m  eta= 11.3m
[295/324] n=20  T=5000   p=24  sigma=0.5  seed=0  Tn=100000    cell= 551.1s  elapsed=120.4m  eta= 11.8m
[296/324] n=20  T=5000   p=24  sigma=0.5  seed=1  Tn=100000    cell= 538.6s  elapsed=129.3m  eta= 12.2m
[297/324] n=20  T=5000   p=24  sigma=0.5  seed=7  Tn=100000    cell= 498.0s  elapsed=137.6m  eta= 12.5m
[298/324] n=20  T=10000  p=2   sigma=0.1  seed=0  Tn=200000    cell=  12.4s  elapsed=137.8m  eta= 12.0m
[299/324] n=20  T=10000  p=2   sigma=0.1  seed=1  Tn=200000    cell=  12.4s  elapsed=138.0m  eta= 11.5m
[300/324] n=20  T=10000  p=2   sigma=0.1  seed=7  Tn=200000    cell=  12.4s  elapsed=138.3m  eta= 11.1m
[301/324] n=20  T=10000  p=2   sigma=0.3  seed=0  Tn=200000    cell=  21.4s  elapsed=138.6m  eta= 10.6m
[302/324] n=20  T=10000  p=2   sigma=0.3  seed=1  Tn=200000    cell=  19.7s  elapsed=138.9m  eta= 10.1m
[303/324] n=20  T=10000  p=2   sigma=0.3  seed=7  Tn=200000    cell=  20.7s  elapsed=139.3m  eta=  9.7m
[304/324] n=20  T=10000  p=2   sigma=0.5  seed=0  Tn=200000    cell= 131.4s  elapsed=141.5m  eta=  9.3m
[305/324] n=20  T=10000  p=2   sigma=0.5  seed=1  Tn=200000    cell= 109.9s  elapsed=143.3m  eta=  8.9m
[306/324] n=20  T=10000  p=2   sigma=0.5  seed=7  Tn=200000    cell= 103.4s  elapsed=145.0m  eta=  8.5m
[307/324] n=20  T=10000  p=12  sigma=0.1  seed=0  Tn=200000    cell= 105.7s  elapsed=146.8m  eta=  8.1m
[308/324] n=20  T=10000  p=12  sigma=0.1  seed=1  Tn=200000    cell=  97.4s  elapsed=148.4m  eta=  7.7m
[309/324] n=20  T=10000  p=12  sigma=0.1  seed=7  Tn=200000    cell=  92.5s  elapsed=150.0m  eta=  7.3m
[310/324] n=20  T=10000  p=12  sigma=0.3  seed=0  Tn=200000    cell= 179.2s  elapsed=152.9m  eta=  6.9m
[311/324] n=20  T=10000  p=12  sigma=0.3  seed=1  Tn=200000    cell= 149.3s  elapsed=155.4m  eta=  6.5m
[312/324] n=20  T=10000  p=12  sigma=0.3  seed=7  Tn=200000    cell= 147.5s  elapsed=157.9m  eta=  6.1m
[313/324] n=20  T=10000  p=12  sigma=0.5  seed=0  Tn=200000    cell= 991.4s  elapsed=174.4m  eta=  6.1m
[314/324] n=20  T=10000  p=12  sigma=0.5  seed=1  Tn=200000    cell=1003.0s  elapsed=191.1m  eta=  6.1m
[315/324] n=20  T=10000  p=12  sigma=0.5  seed=7  Tn=200000    cell= 921.5s  elapsed=206.5m  eta=  5.9m
[316/324] n=20  T=10000  p=24  sigma=0.1  seed=0  Tn=200000    cell=  60.7s  elapsed=207.5m  eta=  5.3m
[317/324] n=20  T=10000  p=24  sigma=0.1  seed=1  Tn=200000    cell=  58.8s  elapsed=208.5m  eta=  4.6m
[318/324] n=20  T=10000  p=24  sigma=0.1  seed=7  Tn=200000    cell=  60.8s  elapsed=209.5m  eta=  4.0m
[319/324] n=20  T=10000  p=24  sigma=0.3  seed=0  Tn=200000    cell=  58.5s  elapsed=210.5m  eta=  3.3m
[320/324] n=20  T=10000  p=24  sigma=0.3  seed=1  Tn=200000    cell=  58.6s  elapsed=211.4m  eta=  2.6m
[321/324] n=20  T=10000  p=24  sigma=0.3  seed=7  Tn=200000    cell=  59.6s  elapsed=212.4m  eta=  2.0m
[322/324] n=20  T=10000  p=24  sigma=0.5  seed=0  Tn=200000    cell=  58.7s  elapsed=213.4m  eta=  1.3m
[323/324] n=20  T=10000  p=24  sigma=0.5  seed=1  Tn=200000    cell=  58.0s  elapsed=214.4m  eta=  0.7m
[324/324] n=20  T=10000  p=24  sigma=0.5  seed=7  Tn=200000    cell=  57.9s  elapsed=215.3m  eta=  0.0m

Wrote /Users/linshih-yang/Documents/GitHub/Caught-in-the-Crossfire/theory/mf_oi_svmvar_report/code/thread2b_fair_cost/results.csv in 215.3 min
